PERF wall_ms=845516 peak_rss_mb=560.9 files=26464 bytes=183090530373 mb_per_s=216.5
PERF_PHASE history_fetch,364.4,0.0,2001,12.0
PERF_PHASE history_parse,267.3,0.0,2001,0.0
PERF_PHASE bucket_stream,1300822.5,67.5,16459,135949.2
PERF_PHASE xdr_decompress,166461.7,8.6,8004,47129.4
PERF_PHASE xdr_parse_ledger,456.6,0.0,2001,0.0
PERF_PHASE xdr_parse_tx,365073.3,18.9,2001,0.0
PERF_PHASE xdr_parse_result,92132.5,4.8,2001,0.0
PERF_PHASE xdr_parse_scp,1570.6,0.1,2001,0.0
PERF_PHASE cross_file_verify,57.2,0.0,2001,0.0
PERF_PHASE chain_verify,0.2,0.0,1,0.0
PERF_PHASE copy,0.0,0.0,0,0.0
	Command being timed: "bin/sa-perf-sync scan file:///data/perf/fixture -c 1 --verify --low 62918015 --high 63046015 --report perf-results/verifyperf/sync-miniz/scanverify_C1_r1/report.json"
	User time (seconds): 1510.48
	System time (seconds): 31.97
	Percent of CPU this job got: 182%
	Elapsed (wall clock) time (h:mm:ss or m:ss): 14:05.57
	Average shared text size (kbytes): 0
	Average unshared data size (kbytes): 0
	Average stack size (kbytes): 0
	Average total size (kbytes): 0
	Maximum resident set size (kbytes): 547776
	Average resident set size (kbytes): 0
	Major (requiring I/O) page faults: 0
	Minor (reclaiming a frame) page faults: 6221327
	Voluntary context switches: 294725
	Involuntary context switches: 11450
	Swaps: 0
	File system inputs: 0
	File system outputs: 424
	Socket messages sent: 0
	Socket messages received: 0
	Signals delivered: 0
	Page size (bytes): 4096
	Exit status: 0
