[2m2026-06-17T16:38:23.778471Z[0m [32m INFO[0m Starting scan of https://history.stellar.org/prd/core-live/core_live_001
[2m2026-06-17T16:38:23.778536Z[0m [32m INFO[0m Scanning from ledger 62406015 onwards
[2m2026-06-17T16:38:23.778547Z[0m [32m INFO[0m Scanning up to checkpoint 63046015
[2m2026-06-17T16:38:23.994662Z[0m [32m INFO[0m Processing 10001 checkpoints from 62406015 (0x03b83d7f) to 63046015 (0x03c2017f)
[2m2026-06-17T16:38:24.375243Z[0m [32m INFO[0m Progress: 100/10001 checkpoints processed
[2m2026-06-17T16:38:24.477844Z[0m [32m INFO[0m Progress: 200/10001 checkpoints processed
[2m2026-06-17T16:38:24.745110Z[0m [32m INFO[0m Progress: 300/10001 checkpoints processed
[2m2026-06-17T16:38:24.852150Z[0m [32m INFO[0m Progress: 400/10001 checkpoints processed
[2m2026-06-17T16:38:24.959099Z[0m [32m INFO[0m Progress: 500/10001 checkpoints processed
[2m2026-06-17T16:38:25.246100Z[0m [32m INFO[0m Progress: 600/10001 checkpoints processed
[2m2026-06-17T16:38:25.363866Z[0m [32m INFO[0m Progress: 700/10001 checkpoints processed
[2m2026-06-17T16:38:25.647235Z[0m [32m INFO[0m Progress: 800/10001 checkpoints processed
[2m2026-06-17T16:38:25.760864Z[0m [32m INFO[0m Progress: 900/10001 checkpoints processed
[2m2026-06-17T16:38:25.864318Z[0m [32m INFO[0m Progress: 1000/10001 checkpoints processed
[2m2026-06-17T16:38:26.149622Z[0m [32m INFO[0m Progress: 1100/10001 checkpoints processed
[2m2026-06-17T16:38:26.256463Z[0m [32m INFO[0m Progress: 1200/10001 checkpoints processed
[2m2026-06-17T16:38:26.541026Z[0m [32m INFO[0m Progress: 1300/10001 checkpoints processed
[2m2026-06-17T16:38:26.645885Z[0m [32m INFO[0m Progress: 1400/10001 checkpoints processed
[2m2026-06-17T16:38:26.753371Z[0m [32m INFO[0m Progress: 1500/10001 checkpoints processed
[2m2026-06-17T16:38:27.034932Z[0m [32m INFO[0m Progress: 1600/10001 checkpoints processed
[2m2026-06-17T16:38:27.145142Z[0m [32m INFO[0m Progress: 1700/10001 checkpoints processed
[2m2026-06-17T16:38:27.434174Z[0m [32m INFO[0m Progress: 1800/10001 checkpoints processed
[2m2026-06-17T16:38:27.549969Z[0m [32m INFO[0m Progress: 1900/10001 checkpoints processed
[2m2026-06-17T16:38:27.653197Z[0m [32m INFO[0m Progress: 2000/10001 checkpoints processed
[2m2026-06-17T16:38:27.935378Z[0m [32m INFO[0m Progress: 2100/10001 checkpoints processed
[2m2026-06-17T16:38:28.039135Z[0m [32m INFO[0m Progress: 2200/10001 checkpoints processed
[2m2026-06-17T16:38:28.322699Z[0m [32m INFO[0m Progress: 2300/10001 checkpoints processed
[2m2026-06-17T16:38:28.430038Z[0m [32m INFO[0m Progress: 2400/10001 checkpoints processed
[2m2026-06-17T16:38:28.535351Z[0m [32m INFO[0m Progress: 2500/10001 checkpoints processed
[2m2026-06-17T16:38:28.813880Z[0m [32m INFO[0m Progress: 2600/10001 checkpoints processed
[2m2026-06-17T16:38:28.925559Z[0m [32m INFO[0m Progress: 2700/10001 checkpoints processed
[2m2026-06-17T16:38:29.200626Z[0m [32m INFO[0m Progress: 2800/10001 checkpoints processed
[2m2026-06-17T16:38:29.309952Z[0m [32m INFO[0m Progress: 2900/10001 checkpoints processed
[2m2026-06-17T16:38:29.424014Z[0m [32m INFO[0m Progress: 3000/10001 checkpoints processed
[2m2026-06-17T16:38:29.697456Z[0m [32m INFO[0m Progress: 3100/10001 checkpoints processed
[2m2026-06-17T16:38:29.803920Z[0m [32m INFO[0m Progress: 3200/10001 checkpoints processed
[2m2026-06-17T16:38:29.913524Z[0m [32m INFO[0m Progress: 3300/10001 checkpoints processed
[2m2026-06-17T16:38:30.187034Z[0m [32m INFO[0m Progress: 3400/10001 checkpoints processed
[2m2026-06-17T16:38:30.298992Z[0m [32m INFO[0m Progress: 3500/10001 checkpoints processed
[2m2026-06-17T16:38:30.576908Z[0m [32m INFO[0m Progress: 3600/10001 checkpoints processed
[2m2026-06-17T16:38:30.683795Z[0m [32m INFO[0m Progress: 3700/10001 checkpoints processed
[2m2026-06-17T16:38:30.790962Z[0m [32m INFO[0m Progress: 3800/10001 checkpoints processed
[2m2026-06-17T16:38:31.055279Z[0m [32m INFO[0m Progress: 3900/10001 checkpoints processed
[2m2026-06-17T16:38:31.158354Z[0m [32m INFO[0m Progress: 4000/10001 checkpoints processed
[2m2026-06-17T16:38:31.435238Z[0m [32m INFO[0m Progress: 4100/10001 checkpoints processed
[2m2026-06-17T16:38:31.546872Z[0m [32m INFO[0m Progress: 4200/10001 checkpoints processed
[2m2026-06-17T16:38:31.662125Z[0m [32m INFO[0m Progress: 4300/10001 checkpoints processed
[2m2026-06-17T16:38:31.935943Z[0m [32m INFO[0m Progress: 4400/10001 checkpoints processed
[2m2026-06-17T16:38:32.043908Z[0m [32m INFO[0m Progress: 4500/10001 checkpoints processed
[2m2026-06-17T16:38:32.326911Z[0m [32m INFO[0m Progress: 4600/10001 checkpoints processed
[2m2026-06-17T16:38:32.446463Z[0m [32m INFO[0m Progress: 4700/10001 checkpoints processed
[2m2026-06-17T16:38:32.551887Z[0m [32m INFO[0m Progress: 4800/10001 checkpoints processed
[2m2026-06-17T16:38:32.831922Z[0m [32m INFO[0m Progress: 4900/10001 checkpoints processed
[2m2026-06-17T16:38:32.939344Z[0m [32m INFO[0m Progress: 5000/10001 checkpoints processed
[2m2026-06-17T16:38:33.158081Z[0m [32m INFO[0m Progress: 5100/10001 checkpoints processed
[2m2026-06-17T16:38:33.337893Z[0m [32m INFO[0m Progress: 5200/10001 checkpoints processed
[2m2026-06-17T16:38:33.454433Z[0m [32m INFO[0m Progress: 5300/10001 checkpoints processed
[2m2026-06-17T16:38:33.739064Z[0m [32m INFO[0m Progress: 5400/10001 checkpoints processed
[2m2026-06-17T16:38:33.844322Z[0m [32m INFO[0m Progress: 5500/10001 checkpoints processed
[2m2026-06-17T16:38:33.964667Z[0m [32m INFO[0m Progress: 5600/10001 checkpoints processed
[2m2026-06-17T16:38:34.238417Z[0m [32m INFO[0m Progress: 5700/10001 checkpoints processed
[2m2026-06-17T16:38:34.348253Z[0m [32m INFO[0m Progress: 5800/10001 checkpoints processed
[2m2026-06-17T16:38:34.622887Z[0m [32m INFO[0m Progress: 5900/10001 checkpoints processed
[2m2026-06-17T16:38:34.728218Z[0m [32m INFO[0m Progress: 6000/10001 checkpoints processed
[2m2026-06-17T16:38:34.834494Z[0m [32m INFO[0m Progress: 6100/10001 checkpoints processed
[2m2026-06-17T16:38:35.101083Z[0m [32m INFO[0m Progress: 6200/10001 checkpoints processed
[2m2026-06-17T16:38:35.207184Z[0m [32m INFO[0m Progress: 6300/10001 checkpoints processed
[2m2026-06-17T16:38:35.472897Z[0m [32m INFO[0m Progress: 6400/10001 checkpoints processed
[2m2026-06-17T16:38:35.584830Z[0m [32m INFO[0m Progress: 6500/10001 checkpoints processed
[2m2026-06-17T16:38:35.685990Z[0m [32m INFO[0m Progress: 6600/10001 checkpoints processed
[2m2026-06-17T16:38:35.947250Z[0m [32m INFO[0m Progress: 6700/10001 checkpoints processed
[2m2026-06-17T16:38:36.057376Z[0m [32m INFO[0m Progress: 6800/10001 checkpoints processed
[2m2026-06-17T16:38:36.329396Z[0m [32m INFO[0m Progress: 6900/10001 checkpoints processed
[2m2026-06-17T16:38:36.450070Z[0m [32m INFO[0m Progress: 7000/10001 checkpoints processed
[2m2026-06-17T16:38:36.562162Z[0m [32m INFO[0m Progress: 7100/10001 checkpoints processed
[2m2026-06-17T16:38:36.829816Z[0m [32m INFO[0m Progress: 7200/10001 checkpoints processed
[2m2026-06-17T16:38:36.934937Z[0m [32m INFO[0m Progress: 7300/10001 checkpoints processed
[2m2026-06-17T16:38:37.107411Z[0m [32m INFO[0m Progress: 7400/10001 checkpoints processed
[2m2026-06-17T16:38:37.309075Z[0m [32m INFO[0m Progress: 7500/10001 checkpoints processed
[2m2026-06-17T16:38:37.417854Z[0m [32m INFO[0m Progress: 7600/10001 checkpoints processed
[2m2026-06-17T16:38:37.685771Z[0m [32m INFO[0m Progress: 7700/10001 checkpoints processed
[2m2026-06-17T16:38:37.786686Z[0m [32m INFO[0m Progress: 7800/10001 checkpoints processed
[2m2026-06-17T16:38:37.907275Z[0m [32m INFO[0m Progress: 7900/10001 checkpoints processed
[2m2026-06-17T16:38:38.152046Z[0m [32m INFO[0m Progress: 8000/10001 checkpoints processed
[2m2026-06-17T16:38:38.259521Z[0m [32m INFO[0m Progress: 8100/10001 checkpoints processed
[2m2026-06-17T16:38:38.525259Z[0m [32m INFO[0m Progress: 8200/10001 checkpoints processed
[2m2026-06-17T16:38:38.627543Z[0m [32m INFO[0m Progress: 8300/10001 checkpoints processed
[2m2026-06-17T16:38:38.738378Z[0m [32m INFO[0m Progress: 8400/10001 checkpoints processed
[2m2026-06-17T16:38:38.992223Z[0m [32m INFO[0m Progress: 8500/10001 checkpoints processed
[2m2026-06-17T16:38:39.097285Z[0m [32m INFO[0m Progress: 8600/10001 checkpoints processed
[2m2026-06-17T16:38:39.353122Z[0m [32m INFO[0m Progress: 8700/10001 checkpoints processed
[2m2026-06-17T16:38:39.460878Z[0m [32m INFO[0m Progress: 8800/10001 checkpoints processed
[2m2026-06-17T16:38:39.571075Z[0m [32m INFO[0m Progress: 8900/10001 checkpoints processed
[2m2026-06-17T16:38:39.824691Z[0m [32m INFO[0m Progress: 9000/10001 checkpoints processed
[2m2026-06-17T16:38:39.934417Z[0m [32m INFO[0m Progress: 9100/10001 checkpoints processed
[2m2026-06-17T16:38:40.194888Z[0m [32m INFO[0m Progress: 9200/10001 checkpoints processed
[2m2026-06-17T16:38:40.313465Z[0m [32m INFO[0m Progress: 9300/10001 checkpoints processed
[2m2026-06-17T16:38:40.431586Z[0m [32m INFO[0m Progress: 9400/10001 checkpoints processed
[2m2026-06-17T16:38:40.699596Z[0m [32m INFO[0m Progress: 9500/10001 checkpoints processed
[2m2026-06-17T16:38:40.807306Z[0m [32m INFO[0m Progress: 9600/10001 checkpoints processed
[2m2026-06-17T16:38:40.991171Z[0m [32m INFO[0m Progress: 9700/10001 checkpoints processed
[2m2026-06-17T16:38:41.185183Z[0m [32m INFO[0m Progress: 9800/10001 checkpoints processed
[2m2026-06-17T16:38:41.301088Z[0m [32m INFO[0m Progress: 9900/10001 checkpoints processed
[2m2026-06-17T16:38:41.445851Z[0m [32m INFO[0m Progress: 10000/10001 checkpoints processed
[2m2026-06-17T16:38:41.445941Z[0m [32m INFO[0m Progress: 10001/10001 checkpoints processed
[2m2026-06-17T16:38:41.445967Z[0m [32m INFO[0m Scan complete: 130882 files found, 0 missing
