PERF wall_ms=106771 peak_rss_mb=2346.7 files=26464 bytes=183090530373 mb_per_s=1714.8
PERF_PHASE history_fetch,693017.0,6.8,2001,12.0
PERF_PHASE history_parse,103.9,0.0,2001,0.0
PERF_PHASE bucket_stream,6173804.4,60.7,16459,135949.2
PERF_PHASE xdr_decompress,3197090.3,31.5,8004,47129.4
PERF_PHASE xdr_parse_ledger,137.4,0.0,2001,0.0
PERF_PHASE xdr_parse_tx,81575.7,0.8,2001,0.0
PERF_PHASE xdr_parse_result,18831.8,0.2,2001,0.0
PERF_PHASE xdr_parse_scp,546.0,0.0,2001,0.0
PERF_PHASE cross_file_verify,29.1,0.0,2001,0.0
PERF_PHASE chain_verify,0.3,0.0,1,0.0
PERF_PHASE copy,0.0,0.0,0,0.0
	Command being timed: "bin/sa-perf-sync-zrs scan file:///data/perf/fixture --verify --low 62918015 --high 63046015 -c 16 --report perf-results/verifyperf/clean/sync-zrs/scanverify_C16_r1/report.json"
	User time (seconds): 320.68
	System time (seconds): 31.56
	Percent of CPU this job got: 329%
	Elapsed (wall clock) time (h:mm:ss or m:ss): 1:46.82
	Average shared text size (kbytes): 0
	Average unshared data size (kbytes): 0
	Average stack size (kbytes): 0
	Average total size (kbytes): 0
	Maximum resident set size (kbytes): 2291688
	Average resident set size (kbytes): 0
	Major (requiring I/O) page faults: 0
	Minor (reclaiming a frame) page faults: 9002260
	Voluntary context switches: 257638
	Involuntary context switches: 24851
	Swaps: 0
	File system inputs: 93293968
	File system outputs: 96
	Socket messages sent: 0
	Socket messages received: 0
	Signals delivered: 0
	Page size (bytes): 4096
	Exit status: 0
