[2m2026-06-17T16:40:26.137473Z[0m [32m INFO[0m Starting scan of https://history.stellar.org/prd/core-live/core_live_001
[2m2026-06-17T16:40:26.137541Z[0m [32m INFO[0m Scanning from ledger 62918015 onwards
[2m2026-06-17T16:40:26.137551Z[0m [32m INFO[0m Scanning up to checkpoint 63046015
[2m2026-06-17T16:40:26.371863Z[0m [32m INFO[0m Processing 2001 checkpoints from 62918015 (0x03c00d7f) to 63046015 (0x03c2017f)
[2m2026-06-17T16:40:26.648446Z[0m [32m INFO[0m Progress: 100/2001 checkpoints processed
[2m2026-06-17T16:40:26.758606Z[0m [32m INFO[0m Progress: 200/2001 checkpoints processed
[2m2026-06-17T16:40:26.870232Z[0m [32m INFO[0m Progress: 300/2001 checkpoints processed
[2m2026-06-17T16:40:26.976678Z[0m [32m INFO[0m Progress: 400/2001 checkpoints processed
[2m2026-06-17T16:40:27.033571Z[0m [32m INFO[0m Progress: 500/2001 checkpoints processed
[2m2026-06-17T16:40:27.142903Z[0m [32m INFO[0m Progress: 600/2001 checkpoints processed
[2m2026-06-17T16:40:27.255062Z[0m [32m INFO[0m Progress: 700/2001 checkpoints processed
[2m2026-06-17T16:40:27.368292Z[0m [32m INFO[0m Progress: 800/2001 checkpoints processed
[2m2026-06-17T16:40:27.468905Z[0m [32m INFO[0m Progress: 900/2001 checkpoints processed
[2m2026-06-17T16:40:27.537494Z[0m [32m INFO[0m Progress: 1000/2001 checkpoints processed
[2m2026-06-17T16:40:27.648924Z[0m [32m INFO[0m Progress: 1100/2001 checkpoints processed
[2m2026-06-17T16:40:27.759734Z[0m [32m INFO[0m Progress: 1200/2001 checkpoints processed
[2m2026-06-17T16:40:27.864484Z[0m [32m INFO[0m Progress: 1300/2001 checkpoints processed
[2m2026-06-17T16:40:27.946506Z[0m [32m INFO[0m Progress: 1400/2001 checkpoints processed
[2m2026-06-17T16:40:28.047749Z[0m [32m INFO[0m Progress: 1500/2001 checkpoints processed
[2m2026-06-17T16:40:28.160410Z[0m [32m INFO[0m Progress: 1600/2001 checkpoints processed
[2m2026-06-17T16:40:28.266244Z[0m [32m INFO[0m Progress: 1700/2001 checkpoints processed
[2m2026-06-17T16:40:28.369798Z[0m [32m INFO[0m Progress: 1800/2001 checkpoints processed
[2m2026-06-17T16:40:28.448558Z[0m [32m INFO[0m Progress: 1900/2001 checkpoints processed
[2m2026-06-17T16:40:28.535736Z[0m [32m INFO[0m Progress: 2000/2001 checkpoints processed
[2m2026-06-17T16:40:28.538476Z[0m [32m INFO[0m Progress: 2001/2001 checkpoints processed
[2m2026-06-17T16:40:28.538510Z[0m [32m INFO[0m Scan complete: 26464 files found, 0 missing
