PERF wall_ms=108935 peak_rss_mb=1072.3 files=26464 bytes=183090530373 mb_per_s=1680.7
PERF_PHASE history_fetch,20804.8,2.0,2001,12.0
PERF_PHASE history_parse,138.3,0.0,2001,0.0
PERF_PHASE bucket_stream,557121.3,54.1,16459,135949.2
PERF_PHASE xdr_decompress,352109.0,34.2,8004,47129.4
PERF_PHASE xdr_parse_ledger,154.0,0.0,2001,0.0
PERF_PHASE xdr_parse_tx,79192.2,7.7,2001,0.0
PERF_PHASE xdr_parse_result,19053.6,1.9,2001,0.0
PERF_PHASE xdr_parse_scp,776.9,0.1,2001,0.0
PERF_PHASE cross_file_verify,18.5,0.0,2001,0.0
PERF_PHASE chain_verify,0.2,0.0,1,0.0
PERF_PHASE copy,0.0,0.0,0,0.0
	Command being timed: "bin/sa-perf-sync-zrs scan file:///data/perf/fixture --verify --low 62918015 --high 63046015 -c 4 --report perf-results/verifyperf/clean/sync-zrs/scanverify_C4_r1/report.json"
	User time (seconds): 327.86
	System time (seconds): 38.18
	Percent of CPU this job got: 335%
	Elapsed (wall clock) time (h:mm:ss or m:ss): 1:48.96
	Average shared text size (kbytes): 0
	Average unshared data size (kbytes): 0
	Average stack size (kbytes): 0
	Average total size (kbytes): 0
	Maximum resident set size (kbytes): 1047200
	Average resident set size (kbytes): 0
	Major (requiring I/O) page faults: 1
	Minor (reclaiming a frame) page faults: 6399064
	Voluntary context switches: 255030
	Involuntary context switches: 29742
	Swaps: 0
	File system inputs: 93353760
	File system outputs: 160
	Socket messages sent: 0
	Socket messages received: 0
	Signals delivered: 0
	Page size (bytes): 4096
	Exit status: 0
