[2m2026-06-17T00:19:58.155492Z[0m [32m INFO[0m Starting scan of file:///data/perf/fixture
[2m2026-06-17T00:19:58.155507Z[0m [32m INFO[0m Scanning from ledger 62918015 onwards
[2m2026-06-17T00:19:58.155512Z[0m [32m INFO[0m Scanning up to checkpoint 63046015
[2m2026-06-17T00:19:58.156166Z[0m [32m INFO[0m Processing 2001 checkpoints from 62918015 (0x03c00d7f) to 63046015 (0x03c2017f)
[2m2026-06-17T00:20:03.974374Z[0m [32m INFO[0m Progress: 100/2001 checkpoints processed
[2m2026-06-17T00:20:09.673872Z[0m [32m INFO[0m Progress: 200/2001 checkpoints processed
[2m2026-06-17T00:20:14.955220Z[0m [32m INFO[0m Progress: 300/2001 checkpoints processed
[2m2026-06-17T00:20:20.576075Z[0m [32m INFO[0m Progress: 400/2001 checkpoints processed
[2m2026-06-17T00:20:26.318027Z[0m [32m INFO[0m Progress: 500/2001 checkpoints processed
[2m2026-06-17T00:20:31.642610Z[0m [32m INFO[0m Progress: 600/2001 checkpoints processed
[2m2026-06-17T00:20:37.437331Z[0m [32m INFO[0m Progress: 700/2001 checkpoints processed
[2m2026-06-17T00:20:42.736525Z[0m [32m INFO[0m Progress: 800/2001 checkpoints processed
[2m2026-06-17T00:20:48.027386Z[0m [32m INFO[0m Progress: 900/2001 checkpoints processed
[2m2026-06-17T00:20:53.029859Z[0m [32m INFO[0m Progress: 1000/2001 checkpoints processed
[2m2026-06-17T00:20:58.412186Z[0m [32m INFO[0m Progress: 1100/2001 checkpoints processed
[2m2026-06-17T00:21:03.303251Z[0m [32m INFO[0m Progress: 1200/2001 checkpoints processed
[2m2026-06-17T00:21:08.444713Z[0m [32m INFO[0m Progress: 1300/2001 checkpoints processed
[2m2026-06-17T00:21:13.479063Z[0m [32m INFO[0m Progress: 1400/2001 checkpoints processed
[2m2026-06-17T00:21:18.421824Z[0m [32m INFO[0m Progress: 1500/2001 checkpoints processed
[2m2026-06-17T00:21:23.783686Z[0m [32m INFO[0m Progress: 1600/2001 checkpoints processed
[2m2026-06-17T00:21:28.758259Z[0m [32m INFO[0m Progress: 1700/2001 checkpoints processed
[2m2026-06-17T00:21:34.034355Z[0m [32m INFO[0m Progress: 1800/2001 checkpoints processed
[2m2026-06-17T00:21:39.325444Z[0m [32m INFO[0m Progress: 1900/2001 checkpoints processed
[2m2026-06-17T00:21:45.751744Z[0m [32m INFO[0m Progress: 2000/2001 checkpoints processed
[2m2026-06-17T00:21:47.085466Z[0m [32m INFO[0m Progress: 2001/2001 checkpoints processed
[2m2026-06-17T00:21:47.085709Z[0m [32m INFO[0m Scan complete: 26464 files found, 0 missing
