PERF wall_ms=55937 peak_rss_mb=1118.5 files=239 bytes=19666468629 mb_per_s=351.6
PERF_PHASE history_fetch,789.3,0.3,17,0.1
PERF_PHASE history_parse,2.5,0.0,17,0.0
PERF_PHASE bucket_stream,227189.8,88.2,171,19228.7
PERF_PHASE xdr_decompress,25167.2,9.8,68,437.7
PERF_PHASE xdr_parse_ledger,4.9,0.0,17,0.0
PERF_PHASE xdr_parse_tx,3485.2,1.4,17,0.0
PERF_PHASE xdr_parse_result,853.0,0.3,17,0.0
PERF_PHASE xdr_parse_scp,0.0,0.0,0,0.0
PERF_PHASE cross_file_verify,0.4,0.0,17,0.0
PERF_PHASE chain_verify,0.0,0.0,1,0.0
PERF_PHASE copy,0.0,0.0,0,0.0
error: Archive scan failedCommand exited with non-zero status 2
	Command being timed: "bin/sa-verify-async scan http://127.0.0.1:8088 -c 8 --max-concurrent 64 --verify --low 63045000 --high 63046015 --report perf-results/maxconc/verifysim/gate/report.json"
	User time (seconds): 136.64
	System time (seconds): 2.75
	Percent of CPU this job got: 248%
	Elapsed (wall clock) time (h:mm:ss or m:ss): 0:56.02
	Average shared text size (kbytes): 0
	Average unshared data size (kbytes): 0
	Average stack size (kbytes): 0
	Average total size (kbytes): 0
	Maximum resident set size (kbytes): 1092280
	Average resident set size (kbytes): 0
	Major (requiring I/O) page faults: 0
	Minor (reclaiming a frame) page faults: 451626
	Voluntary context switches: 54385
	Involuntary context switches: 1720
	Swaps: 0
	File system inputs: 0
	File system outputs: 232
	Socket messages sent: 0
	Socket messages received: 0
	Signals delivered: 0
	Page size (bytes): 4096
	Exit status: 2
