[2m2026-06-17T00:13:09.659595Z[0m [32m INFO[0m Starting scan of file:///data/perf/fixture
[2m2026-06-17T00:13:09.659612Z[0m [32m INFO[0m Scanning from ledger 62918015 onwards
[2m2026-06-17T00:13:09.659618Z[0m [32m INFO[0m Scanning up to checkpoint 63046015
[2m2026-06-17T00:13:09.660295Z[0m [32m INFO[0m Processing 2001 checkpoints from 62918015 (0x03c00d7f) to 63046015 (0x03c2017f)
[2m2026-06-17T00:13:15.559955Z[0m [32m INFO[0m Progress: 100/2001 checkpoints processed
[2m2026-06-17T00:13:21.279096Z[0m [32m INFO[0m Progress: 200/2001 checkpoints processed
[2m2026-06-17T00:13:26.521104Z[0m [32m INFO[0m Progress: 300/2001 checkpoints processed
[2m2026-06-17T00:13:32.075361Z[0m [32m INFO[0m Progress: 400/2001 checkpoints processed
[2m2026-06-17T00:13:37.812946Z[0m [32m INFO[0m Progress: 500/2001 checkpoints processed
[2m2026-06-17T00:13:43.063083Z[0m [32m INFO[0m Progress: 600/2001 checkpoints processed
[2m2026-06-17T00:13:48.830986Z[0m [32m INFO[0m Progress: 700/2001 checkpoints processed
[2m2026-06-17T00:13:54.086622Z[0m [32m INFO[0m Progress: 800/2001 checkpoints processed
[2m2026-06-17T00:13:59.428615Z[0m [32m INFO[0m Progress: 900/2001 checkpoints processed
[2m2026-06-17T00:14:04.337749Z[0m [32m INFO[0m Progress: 1000/2001 checkpoints processed
[2m2026-06-17T00:14:09.726275Z[0m [32m INFO[0m Progress: 1100/2001 checkpoints processed
[2m2026-06-17T00:14:14.686539Z[0m [32m INFO[0m Progress: 1200/2001 checkpoints processed
[2m2026-06-17T00:14:19.732875Z[0m [32m INFO[0m Progress: 1300/2001 checkpoints processed
[2m2026-06-17T00:14:24.830789Z[0m [32m INFO[0m Progress: 1400/2001 checkpoints processed
[2m2026-06-17T00:14:29.721024Z[0m [32m INFO[0m Progress: 1500/2001 checkpoints processed
[2m2026-06-17T00:14:35.018191Z[0m [32m INFO[0m Progress: 1600/2001 checkpoints processed
[2m2026-06-17T00:14:40.067141Z[0m [32m INFO[0m Progress: 1700/2001 checkpoints processed
[2m2026-06-17T00:14:45.203075Z[0m [32m INFO[0m Progress: 1800/2001 checkpoints processed
[2m2026-06-17T00:14:50.490369Z[0m [32m INFO[0m Progress: 1900/2001 checkpoints processed
[2m2026-06-17T00:14:56.919659Z[0m [32m INFO[0m Progress: 2000/2001 checkpoints processed
[2m2026-06-17T00:14:58.524253Z[0m [32m INFO[0m Progress: 2001/2001 checkpoints processed
[2m2026-06-17T00:14:58.524530Z[0m [32m INFO[0m Scan complete: 26464 files found, 0 missing
