PERF wall_ms=486593 peak_rss_mb=2059.5 files=26464 bytes=183090530373 mb_per_s=376.3
PERF_PHASE history_fetch,1102083.1,3.1,2001,12.0
PERF_PHASE history_parse,298.6,0.0,2001,0.0
PERF_PHASE bucket_stream,26951138.9,77.0,16459,135949.2
PERF_PHASE xdr_decompress,6487464.3,18.5,8004,47129.4
PERF_PHASE xdr_parse_ledger,491.2,0.0,2001,0.0
PERF_PHASE xdr_parse_tx,371118.8,1.1,2001,0.0
PERF_PHASE xdr_parse_result,92442.2,0.3,2001,0.0
PERF_PHASE xdr_parse_scp,1605.3,0.0,2001,0.0
PERF_PHASE cross_file_verify,45.2,0.0,2001,0.0
PERF_PHASE chain_verify,0.1,0.0,1,0.0
PERF_PHASE copy,0.0,0.0,0,0.0
	Command being timed: "bin/sa-perf scan file:///data/perf/fixture -c 16 --verify --low 62918015 --high 63046015 --report perf-results/verifyperf/baseline/scanverify_C16_r1/report.json"
	User time (seconds): 1519.67
	System time (seconds): 34.31
	Percent of CPU this job got: 319%
	Elapsed (wall clock) time (h:mm:ss or m:ss): 8:06.76
	Average shared text size (kbytes): 0
	Average unshared data size (kbytes): 0
	Average stack size (kbytes): 0
	Average total size (kbytes): 0
	Maximum resident set size (kbytes): 2011236
	Average resident set size (kbytes): 0
	Major (requiring I/O) page faults: 0
	Minor (reclaiming a frame) page faults: 7814947
	Voluntary context switches: 199607
	Involuntary context switches: 95039
	Swaps: 0
	File system inputs: 0
	File system outputs: 248
	Socket messages sent: 0
	Socket messages received: 0
	Signals delivered: 0
	Page size (bytes): 4096
	Exit status: 0
