[2m2026-06-17T16:15:07.239874Z[0m [32m INFO[0m Starting scan of https://history.stellar.org/prd/core-live/core_live_001
[2m2026-06-17T16:15:07.239942Z[0m [32m INFO[0m Scanning from ledger 62918015 onwards
[2m2026-06-17T16:15:07.239955Z[0m [32m INFO[0m Scanning up to checkpoint 63046015
[2m2026-06-17T16:15:07.457979Z[0m [32m INFO[0m Processing 2001 checkpoints from 62918015 (0x03c00d7f) to 63046015 (0x03c2017f)
[2m2026-06-17T16:15:14.963851Z[0m [32m INFO[0m Progress: 100/2001 checkpoints processed
[2m2026-06-17T16:15:16.172803Z[0m [32m INFO[0m Progress: 200/2001 checkpoints processed
[2m2026-06-17T16:15:17.361624Z[0m [32m INFO[0m Progress: 300/2001 checkpoints processed
[2m2026-06-17T16:15:18.571786Z[0m [32m INFO[0m Progress: 400/2001 checkpoints processed
[2m2026-06-17T16:15:19.809041Z[0m [32m INFO[0m Progress: 500/2001 checkpoints processed
[2m2026-06-17T16:15:26.621742Z[0m [32m INFO[0m Progress: 600/2001 checkpoints processed
[2m2026-06-17T16:15:27.707630Z[0m [32m INFO[0m Progress: 700/2001 checkpoints processed
[2m2026-06-17T16:15:29.023225Z[0m [32m INFO[0m Progress: 800/2001 checkpoints processed
[2m2026-06-17T16:15:30.247860Z[0m [32m INFO[0m Progress: 900/2001 checkpoints processed
[2m2026-06-17T16:15:31.339811Z[0m [32m INFO[0m Progress: 1000/2001 checkpoints processed
[2m2026-06-17T16:15:38.273073Z[0m [32m INFO[0m Progress: 1100/2001 checkpoints processed
[2m2026-06-17T16:15:39.538347Z[0m [32m INFO[0m Progress: 1200/2001 checkpoints processed
[2m2026-06-17T16:15:40.815768Z[0m [32m INFO[0m Progress: 1300/2001 checkpoints processed
[2m2026-06-17T16:15:42.146586Z[0m [32m INFO[0m Progress: 1400/2001 checkpoints processed
[2m2026-06-17T16:15:43.461196Z[0m [32m INFO[0m Progress: 1500/2001 checkpoints processed
[2m2026-06-17T16:15:50.089694Z[0m [32m INFO[0m Progress: 1600/2001 checkpoints processed
[2m2026-06-17T16:15:51.271257Z[0m [32m INFO[0m Progress: 1700/2001 checkpoints processed
[2m2026-06-17T16:15:52.560244Z[0m [32m INFO[0m Progress: 1800/2001 checkpoints processed
[2m2026-06-17T16:15:53.734280Z[0m [32m INFO[0m Progress: 1900/2001 checkpoints processed
[2m2026-06-17T16:15:54.912245Z[0m [32m INFO[0m Progress: 2000/2001 checkpoints processed
[2m2026-06-17T16:15:54.923429Z[0m [32m INFO[0m Progress: 2001/2001 checkpoints processed
[2m2026-06-17T16:15:54.923480Z[0m [32m INFO[0m Scan complete: 26464 files found, 0 missing
