PERF wall_ms=745 peak_rss_mb=15.5 files=17 bytes=101813 mb_per_s=0.1
PERF_PHASE history_fetch,1862.2,99.9,17,0.1
PERF_PHASE history_parse,2.4,0.1,17,0.0
PERF_PHASE bucket_stream,0.0,0.0,0,0.0
PERF_PHASE xdr_decompress,0.0,0.0,0,0.0
PERF_PHASE xdr_parse_ledger,0.0,0.0,0,0.0
PERF_PHASE xdr_parse_tx,0.0,0.0,0,0.0
PERF_PHASE xdr_parse_result,0.0,0.0,0,0.0
PERF_PHASE xdr_parse_scp,0.0,0.0,0,0.0
PERF_PHASE cross_file_verify,0.0,0.0,0,0.0
PERF_PHASE chain_verify,0.0,0.0,0,0.0
PERF_PHASE copy,0.0,0.0,0,0.0
	Command being timed: "bin/sa-perf scan https://history.stellar.org/prd/core-live/core_live_001 -c 16 --max-concurrent 8 --low 63045000 --high 63046015 --report perf-results/maxconc/smoke_exist/report.json"
	User time (seconds): 0.04
	System time (seconds): 0.03
	Percent of CPU this job got: 10%
	Elapsed (wall clock) time (h:mm:ss or m:ss): 0:00.75
	Average shared text size (kbytes): 0
	Average unshared data size (kbytes): 0
	Average stack size (kbytes): 0
	Average total size (kbytes): 0
	Maximum resident set size (kbytes): 15168
	Average resident set size (kbytes): 0
	Major (requiring I/O) page faults: 38
	Minor (reclaiming a frame) page faults: 2161
	Voluntary context switches: 1715
	Involuntary context switches: 0
	Swaps: 0
	File system inputs: 8536
	File system outputs: 48
	Socket messages sent: 0
	Socket messages received: 0
	Signals delivered: 0
	Page size (bytes): 4096
	Exit status: 0
