PERF wall_ms=2381 peak_rss_mb=58.6 files=2001 bytes=11983989 mb_per_s=5.0
PERF_PHASE history_fetch,32986.0,99.2,2001,12.0
PERF_PHASE history_parse,276.0,0.8,2001,0.0
PERF_PHASE bucket_stream,0.0,0.0,0,0.0
PERF_PHASE xdr_decompress,0.0,0.0,0,0.0
PERF_PHASE xdr_parse_ledger,0.0,0.0,0,0.0
PERF_PHASE xdr_parse_tx,0.0,0.0,0,0.0
PERF_PHASE xdr_parse_result,0.0,0.0,0,0.0
PERF_PHASE xdr_parse_scp,0.0,0.0,0,0.0
PERF_PHASE cross_file_verify,0.0,0.0,0,0.0
PERF_PHASE chain_verify,0.0,0.0,0,0.0
PERF_PHASE copy,0.0,0.0,0,0.0
	Command being timed: "bin/sa-perf scan https://history.stellar.org/prd/core-live/core_live_001 -c 32 --max-concurrent 128 --low 62918015 --high 63046015 --report perf-results/maxconc/c_control/mc128_c32/report.json"
	User time (seconds): 2.69
	System time (seconds): 1.06
	Percent of CPU this job got: 157%
	Elapsed (wall clock) time (h:mm:ss or m:ss): 0:02.39
	Average shared text size (kbytes): 0
	Average unshared data size (kbytes): 0
	Average stack size (kbytes): 0
	Average total size (kbytes): 0
	Maximum resident set size (kbytes): 57236
	Average resident set size (kbytes): 0
	Major (requiring I/O) page faults: 0
	Minor (reclaiming a frame) page faults: 12921
	Voluntary context switches: 73006
	Involuntary context switches: 13
	Swaps: 0
	File system inputs: 0
	File system outputs: 48
	Socket messages sent: 0
	Socket messages received: 0
	Signals delivered: 0
	Page size (bytes): 4096
	Exit status: 0
