PERF wall_ms=487455 peak_rss_mb=1696.0 files=26464 bytes=183090530373 mb_per_s=375.6
PERF_PHASE history_fetch,1520145.6,4.8,2001,12.0
PERF_PHASE history_parse,301.4,0.0,2001,0.0
PERF_PHASE bucket_stream,22122679.7,69.8,16459,135949.2
PERF_PHASE xdr_decompress,7602592.7,24.0,8004,47129.4
PERF_PHASE xdr_parse_ledger,485.9,0.0,2001,0.0
PERF_PHASE xdr_parse_tx,373397.7,1.2,2001,0.0
PERF_PHASE xdr_parse_result,92297.5,0.3,2001,0.0
PERF_PHASE xdr_parse_scp,1626.4,0.0,2001,0.0
PERF_PHASE cross_file_verify,49.6,0.0,2001,0.0
PERF_PHASE chain_verify,0.1,0.0,1,0.0
PERF_PHASE copy,0.0,0.0,0,0.0
	Command being timed: "bin/sa-perf-zng scan file:///data/perf/fixture -c 16 --verify --low 62918015 --high 63046015 --report perf-results/verifyperf/zlib-ng/scanverify_C16_r1/report.json"
	User time (seconds): 1390.39
	System time (seconds): 33.45
	Percent of CPU this job got: 292%
	Elapsed (wall clock) time (h:mm:ss or m:ss): 8:07.60
	Average shared text size (kbytes): 0
	Average unshared data size (kbytes): 0
	Average stack size (kbytes): 0
	Average total size (kbytes): 0
	Maximum resident set size (kbytes): 1656292
	Average resident set size (kbytes): 0
	Major (requiring I/O) page faults: 0
	Minor (reclaiming a frame) page faults: 7879249
	Voluntary context switches: 218394
	Involuntary context switches: 26523
	Swaps: 0
	File system inputs: 0
	File system outputs: 248
	Socket messages sent: 0
	Socket messages received: 0
	Signals delivered: 0
	Page size (bytes): 4096
	Exit status: 0
