PERF wall_ms=841392 peak_rss_mb=1120.7 files=26464 bytes=183090530373 mb_per_s=217.6
PERF_PHASE history_fetch,353.8,0.0,2001,12.0
PERF_PHASE history_parse,295.5,0.0,2001,0.0
PERF_PHASE bucket_stream,1310032.9,67.7,16459,135949.2
PERF_PHASE xdr_decompress,165451.3,8.6,8004,47129.4
PERF_PHASE xdr_parse_ledger,460.9,0.0,2001,0.0
PERF_PHASE xdr_parse_tx,364790.4,18.9,2001,0.0
PERF_PHASE xdr_parse_result,91422.9,4.7,2001,0.0
PERF_PHASE xdr_parse_scp,1587.5,0.1,2001,0.0
PERF_PHASE cross_file_verify,48.5,0.0,2001,0.0
PERF_PHASE chain_verify,0.2,0.0,1,0.0
PERF_PHASE copy,0.0,0.0,0,0.0
	Command being timed: "bin/sa-perf scan file:///data/perf/fixture -c 1 --verify --low 62918015 --high 63046015 --report perf-results/verifyperf/baseline/scanverify_C1_r1/report.json"
	User time (seconds): 1511.58
	System time (seconds): 31.68
	Percent of CPU this job got: 183%
	Elapsed (wall clock) time (h:mm:ss or m:ss): 14:01.44
	Average shared text size (kbytes): 0
	Average unshared data size (kbytes): 0
	Average stack size (kbytes): 0
	Average total size (kbytes): 0
	Maximum resident set size (kbytes): 1094416
	Average resident set size (kbytes): 0
	Major (requiring I/O) page faults: 0
	Minor (reclaiming a frame) page faults: 6842674
	Voluntary context switches: 225040
	Involuntary context switches: 10329
	Swaps: 0
	File system inputs: 0
	File system outputs: 424
	Socket messages sent: 0
	Socket messages received: 0
	Signals delivered: 0
	Page size (bytes): 4096
	Exit status: 0
