PERF wall_ms=54475 peak_rss_mb=87.5 files=67 bytes=15720661715 mb_per_s=288.6
PERF_PHASE history_fetch,140.3,0.1,3,0.0
PERF_PHASE history_parse,0.4,0.0,3,0.0
PERF_PHASE bucket_stream,232091.2,98.9,52,15649.9
PERF_PHASE xdr_decompress,1762.6,0.8,12,70.7
PERF_PHASE xdr_parse_ledger,0.7,0.0,3,0.0
PERF_PHASE xdr_parse_tx,537.9,0.2,3,0.0
PERF_PHASE xdr_parse_result,141.8,0.1,3,0.0
PERF_PHASE xdr_parse_scp,2.3,0.0,3,0.0
PERF_PHASE cross_file_verify,0.1,0.0,3,0.0
PERF_PHASE chain_verify,0.0,0.0,1,0.0
PERF_PHASE copy,0.0,0.0,0,0.0
	Command being timed: "bin/sa-perf scan https://history.stellar.org/prd/core-live/core_live_001 -c 8 --max-concurrent 8 --verify --low 63045900 --high 63046015 --report perf-results/maxconc/smoke_verify/report.json"
	User time (seconds): 117.29
	System time (seconds): 10.69
	Percent of CPU this job got: 234%
	Elapsed (wall clock) time (h:mm:ss or m:ss): 0:54.49
	Average shared text size (kbytes): 0
	Average unshared data size (kbytes): 0
	Average stack size (kbytes): 0
	Average total size (kbytes): 0
	Maximum resident set size (kbytes): 85448
	Average resident set size (kbytes): 0
	Major (requiring I/O) page faults: 0
	Minor (reclaiming a frame) page faults: 35477
	Voluntary context switches: 1005370
	Involuntary context switches: 695
	Swaps: 0
	File system inputs: 0
	File system outputs: 64
	Socket messages sent: 0
	Socket messages received: 0
	Signals delivered: 0
	Page size (bytes): 4096
	Exit status: 0
