[2m2026-06-17T16:16:23.418844Z[0m [32m INFO[0m Starting scan of https://history.stellar.org/prd/core-live/core_live_001
[2m2026-06-17T16:16:23.418905Z[0m [32m INFO[0m Scanning from ledger 62918015 onwards
[2m2026-06-17T16:16:23.418918Z[0m [32m INFO[0m Scanning up to checkpoint 63046015
[2m2026-06-17T16:16:23.629856Z[0m [32m INFO[0m Processing 2001 checkpoints from 62918015 (0x03c00d7f) to 63046015 (0x03c2017f)
[2m2026-06-17T16:16:24.239709Z[0m [32m INFO[0m Progress: 100/2001 checkpoints processed
[2m2026-06-17T16:16:24.353424Z[0m [32m INFO[0m Progress: 200/2001 checkpoints processed
[2m2026-06-17T16:16:24.466953Z[0m [32m INFO[0m Progress: 300/2001 checkpoints processed
[2m2026-06-17T16:16:24.580779Z[0m [32m INFO[0m Progress: 400/2001 checkpoints processed
[2m2026-06-17T16:16:24.686790Z[0m [32m INFO[0m Progress: 500/2001 checkpoints processed
[2m2026-06-17T16:16:25.165051Z[0m [32m INFO[0m Progress: 600/2001 checkpoints processed
[2m2026-06-17T16:16:25.282471Z[0m [32m INFO[0m Progress: 700/2001 checkpoints processed
[2m2026-06-17T16:16:25.397104Z[0m [32m INFO[0m Progress: 800/2001 checkpoints processed
[2m2026-06-17T16:16:25.516494Z[0m [32m INFO[0m Progress: 900/2001 checkpoints processed
[2m2026-06-17T16:16:25.624739Z[0m [32m INFO[0m Progress: 1000/2001 checkpoints processed
[2m2026-06-17T16:16:26.117748Z[0m [32m INFO[0m Progress: 1100/2001 checkpoints processed
[2m2026-06-17T16:16:26.240248Z[0m [32m INFO[0m Progress: 1200/2001 checkpoints processed
[2m2026-06-17T16:16:26.364598Z[0m [32m INFO[0m Progress: 1300/2001 checkpoints processed
[2m2026-06-17T16:16:26.490074Z[0m [32m INFO[0m Progress: 1400/2001 checkpoints processed
[2m2026-06-17T16:16:26.608776Z[0m [32m INFO[0m Progress: 1500/2001 checkpoints processed
[2m2026-06-17T16:16:27.059809Z[0m [32m INFO[0m Progress: 1600/2001 checkpoints processed
[2m2026-06-17T16:16:27.170345Z[0m [32m INFO[0m Progress: 1700/2001 checkpoints processed
[2m2026-06-17T16:16:27.300992Z[0m [32m INFO[0m Progress: 1800/2001 checkpoints processed
[2m2026-06-17T16:16:27.418595Z[0m [32m INFO[0m Progress: 1900/2001 checkpoints processed
[2m2026-06-17T16:16:27.541040Z[0m [32m INFO[0m Progress: 2000/2001 checkpoints processed
[2m2026-06-17T16:16:27.542063Z[0m [32m INFO[0m Progress: 2001/2001 checkpoints processed
[2m2026-06-17T16:16:27.542092Z[0m [32m INFO[0m Scan complete: 26464 files found, 0 missing
