PERF wall_ms=173863 peak_rss_mb=671.2 files=26464 bytes=183090530373 mb_per_s=1053.1
PERF_PHASE history_fetch,1726.1,0.4,2001,12.0
PERF_PHASE history_parse,125.0,0.0,2001,0.0
PERF_PHASE bucket_stream,228115.0,58.6,16459,135949.2
PERF_PHASE xdr_decompress,59944.5,15.4,8004,47129.4
PERF_PHASE xdr_parse_ledger,136.8,0.0,2001,0.0
PERF_PHASE xdr_parse_tx,79709.1,20.5,2001,0.0
PERF_PHASE xdr_parse_result,19004.6,4.9,2001,0.0
PERF_PHASE xdr_parse_scp,596.4,0.2,2001,0.0
PERF_PHASE cross_file_verify,23.7,0.0,2001,0.0
PERF_PHASE chain_verify,0.1,0.0,1,0.0
PERF_PHASE copy,0.0,0.0,0,0.0
	Command being timed: "bin/sa-perf-sync-zrs scan file:///data/perf/fixture --verify --low 62918015 --high 63046015 -c 1 --report perf-results/verifyperf/clean/sync-zrs/scanverify_C1_r1/report.json"
	User time (seconds): 302.96
	System time (seconds): 21.75
	Percent of CPU this job got: 186%
	Elapsed (wall clock) time (h:mm:ss or m:ss): 2:53.88
	Average shared text size (kbytes): 0
	Average unshared data size (kbytes): 0
	Average stack size (kbytes): 0
	Average total size (kbytes): 0
	Maximum resident set size (kbytes): 655500
	Average resident set size (kbytes): 0
	Major (requiring I/O) page faults: 0
	Minor (reclaiming a frame) page faults: 6248640
	Voluntary context switches: 275780
	Involuntary context switches: 20601
	Swaps: 0
	File system inputs: 92988248
	File system outputs: 128
	Socket messages sent: 0
	Socket messages received: 0
	Signals delivered: 0
	Page size (bytes): 4096
	Exit status: 0
