[2m2026-06-17T00:17:04.255893Z[0m [32m INFO[0m Starting scan of file:///data/perf/fixture
[2m2026-06-17T00:17:04.255911Z[0m [32m INFO[0m Scanning from ledger 62918015 onwards
[2m2026-06-17T00:17:04.255917Z[0m [32m INFO[0m Scanning up to checkpoint 63046015
[2m2026-06-17T00:17:04.256726Z[0m [32m INFO[0m Processing 2001 checkpoints from 62918015 (0x03c00d7f) to 63046015 (0x03c2017f)
[2m2026-06-17T00:17:21.836537Z[0m [32m INFO[0m Progress: 100/2001 checkpoints processed
[2m2026-06-17T00:17:29.390868Z[0m [32m INFO[0m Progress: 200/2001 checkpoints processed
[2m2026-06-17T00:17:37.035981Z[0m [32m INFO[0m Progress: 300/2001 checkpoints processed
[2m2026-06-17T00:17:45.508759Z[0m [32m INFO[0m Progress: 400/2001 checkpoints processed
[2m2026-06-17T00:17:54.987368Z[0m [32m INFO[0m Progress: 500/2001 checkpoints processed
[2m2026-06-17T00:18:03.234163Z[0m [32m INFO[0m Progress: 600/2001 checkpoints processed
[2m2026-06-17T00:18:11.873668Z[0m [32m INFO[0m Progress: 700/2001 checkpoints processed
[2m2026-06-17T00:18:20.151478Z[0m [32m INFO[0m Progress: 800/2001 checkpoints processed
[2m2026-06-17T00:18:28.878794Z[0m [32m INFO[0m Progress: 900/2001 checkpoints processed
[2m2026-06-17T00:18:37.371244Z[0m [32m INFO[0m Progress: 1000/2001 checkpoints processed
[2m2026-06-17T00:18:45.863535Z[0m [32m INFO[0m Progress: 1100/2001 checkpoints processed
[2m2026-06-17T00:18:51.867667Z[0m [32m INFO[0m Progress: 1200/2001 checkpoints processed
[2m2026-06-17T00:18:58.973302Z[0m [32m INFO[0m Progress: 1300/2001 checkpoints processed
[2m2026-06-17T00:19:07.684937Z[0m [32m INFO[0m Progress: 1400/2001 checkpoints processed
[2m2026-06-17T00:19:16.759117Z[0m [32m INFO[0m Progress: 1500/2001 checkpoints processed
[2m2026-06-17T00:19:24.168744Z[0m [32m INFO[0m Progress: 1600/2001 checkpoints processed
[2m2026-06-17T00:19:31.410358Z[0m [32m INFO[0m Progress: 1700/2001 checkpoints processed
[2m2026-06-17T00:19:38.942087Z[0m [32m INFO[0m Progress: 1800/2001 checkpoints processed
[2m2026-06-17T00:19:47.419259Z[0m [32m INFO[0m Progress: 1900/2001 checkpoints processed
[2m2026-06-17T00:19:58.051623Z[0m [32m INFO[0m Progress: 2000/2001 checkpoints processed
[2m2026-06-17T00:19:58.115291Z[0m [32m INFO[0m Progress: 2001/2001 checkpoints processed
[2m2026-06-17T00:19:58.115380Z[0m [32m INFO[0m Scan complete: 26464 files found, 0 missing
