PERF wall_ms=195978 peak_rss_mb=633.8 files=26464 bytes=183090530373 mb_per_s=934.2
PERF_PHASE history_fetch,1752.6,0.4,2001,12.0
PERF_PHASE history_parse,126.8,0.0,2001,0.0
PERF_PHASE bucket_stream,258347.4,60.1,16459,135949.2
PERF_PHASE xdr_decompress,70675.3,16.4,8004,47129.4
PERF_PHASE xdr_parse_ledger,140.6,0.0,2001,0.0
PERF_PHASE xdr_parse_tx,79234.4,18.4,2001,0.0
PERF_PHASE xdr_parse_result,19033.2,4.4,2001,0.0
PERF_PHASE xdr_parse_scp,592.3,0.1,2001,0.0
PERF_PHASE cross_file_verify,23.8,0.0,2001,0.0
PERF_PHASE chain_verify,0.1,0.0,1,0.0
PERF_PHASE copy,0.0,0.0,0,0.0
	Command being timed: "bin/sa-perf-sync scan file:///data/perf/fixture --verify --low 62918015 --high 63046015 -c 1 --report perf-results/verifyperf/clean/sync/scanverify_C1_r1/report.json"
	User time (seconds): 348.64
	System time (seconds): 21.49
	Percent of CPU this job got: 188%
	Elapsed (wall clock) time (h:mm:ss or m:ss): 3:15.99
	Average shared text size (kbytes): 0
	Average unshared data size (kbytes): 0
	Average stack size (kbytes): 0
	Average total size (kbytes): 0
	Maximum resident set size (kbytes): 618908
	Average resident set size (kbytes): 0
	Major (requiring I/O) page faults: 0
	Minor (reclaiming a frame) page faults: 6241025
	Voluntary context switches: 276287
	Involuntary context switches: 23183
	Swaps: 0
	File system inputs: 93133216
	File system outputs: 144
	Socket messages sent: 0
	Socket messages received: 0
	Signals delivered: 0
	Page size (bytes): 4096
	Exit status: 0
