PERF wall_ms=113217 peak_rss_mb=1526.5 files=26464 bytes=183090530373 mb_per_s=1617.2
PERF_PHASE history_fetch,431206.5,6.1,2001,12.0
PERF_PHASE history_parse,105.2,0.0,2001,0.0
PERF_PHASE bucket_stream,4598568.6,64.8,16459,135949.2
PERF_PHASE xdr_decompress,1966330.8,27.7,8004,47129.4
PERF_PHASE xdr_parse_ledger,157.0,0.0,2001,0.0
PERF_PHASE xdr_parse_tx,82134.0,1.2,2001,0.0
PERF_PHASE xdr_parse_result,19319.7,0.3,2001,0.0
PERF_PHASE xdr_parse_scp,548.1,0.0,2001,0.0
PERF_PHASE cross_file_verify,40.0,0.0,2001,0.0
PERF_PHASE chain_verify,0.1,0.0,1,0.0
PERF_PHASE copy,0.0,0.0,0,0.0
	Command being timed: "bin/sa-perf-zrs scan file:///data/perf/fixture --verify --low 62918015 --high 63046015 -c 16 --report perf-results/verifyperf/clean/zrs/scanverify_C16_r1/report.json"
	User time (seconds): 338.18
	System time (seconds): 35.53
	Percent of CPU this job got: 330%
	Elapsed (wall clock) time (h:mm:ss or m:ss): 1:53.24
	Average shared text size (kbytes): 0
	Average unshared data size (kbytes): 0
	Average stack size (kbytes): 0
	Average total size (kbytes): 0
	Maximum resident set size (kbytes): 1490692
	Average resident set size (kbytes): 0
	Major (requiring I/O) page faults: 0
	Minor (reclaiming a frame) page faults: 7835863
	Voluntary context switches: 227081
	Involuntary context switches: 27748
	Swaps: 0
	File system inputs: 93218704
	File system outputs: 160
	Socket messages sent: 0
	Socket messages received: 0
	Signals delivered: 0
	Page size (bytes): 4096
	Exit status: 0
