[2m2026-06-17T00:07:48.166121Z[0m [32m INFO[0m Starting scan of file:///data/perf/fixture
[2m2026-06-17T00:07:48.166135Z[0m [32m INFO[0m Scanning from ledger 62918015 onwards
[2m2026-06-17T00:07:48.166141Z[0m [32m INFO[0m Scanning up to checkpoint 63046015
[2m2026-06-17T00:07:48.166853Z[0m [32m INFO[0m Processing 2001 checkpoints from 62918015 (0x03c00d7f) to 63046015 (0x03c2017f)
[2m2026-06-17T00:07:54.691761Z[0m [32m INFO[0m Progress: 100/2001 checkpoints processed
[2m2026-06-17T00:08:00.441797Z[0m [32m INFO[0m Progress: 200/2001 checkpoints processed
[2m2026-06-17T00:08:05.895039Z[0m [32m INFO[0m Progress: 300/2001 checkpoints processed
[2m2026-06-17T00:08:11.845348Z[0m [32m INFO[0m Progress: 400/2001 checkpoints processed
[2m2026-06-17T00:08:17.951443Z[0m [32m INFO[0m Progress: 500/2001 checkpoints processed
[2m2026-06-17T00:08:23.551137Z[0m [32m INFO[0m Progress: 600/2001 checkpoints processed
[2m2026-06-17T00:08:29.553650Z[0m [32m INFO[0m Progress: 700/2001 checkpoints processed
[2m2026-06-17T00:08:34.848354Z[0m [32m INFO[0m Progress: 800/2001 checkpoints processed
[2m2026-06-17T00:08:40.501368Z[0m [32m INFO[0m Progress: 900/2001 checkpoints processed
[2m2026-06-17T00:08:45.791308Z[0m [32m INFO[0m Progress: 1000/2001 checkpoints processed
[2m2026-06-17T00:08:51.207468Z[0m [32m INFO[0m Progress: 1100/2001 checkpoints processed
[2m2026-06-17T00:08:56.045766Z[0m [32m INFO[0m Progress: 1200/2001 checkpoints processed
[2m2026-06-17T00:09:01.417933Z[0m [32m INFO[0m Progress: 1300/2001 checkpoints processed
[2m2026-06-17T00:09:06.739615Z[0m [32m INFO[0m Progress: 1400/2001 checkpoints processed
[2m2026-06-17T00:09:11.770176Z[0m [32m INFO[0m Progress: 1500/2001 checkpoints processed
[2m2026-06-17T00:09:17.341089Z[0m [32m INFO[0m Progress: 1600/2001 checkpoints processed
[2m2026-06-17T00:09:22.351475Z[0m [32m INFO[0m Progress: 1700/2001 checkpoints processed
[2m2026-06-17T00:09:28.015105Z[0m [32m INFO[0m Progress: 1800/2001 checkpoints processed
[2m2026-06-17T00:09:33.245647Z[0m [32m INFO[0m Progress: 1900/2001 checkpoints processed
[2m2026-06-17T00:09:40.010863Z[0m [32m INFO[0m Progress: 2000/2001 checkpoints processed
[2m2026-06-17T00:09:41.376604Z[0m [32m INFO[0m Progress: 2001/2001 checkpoints processed
[2m2026-06-17T00:09:41.376723Z[0m [32m INFO[0m Scan complete: 26464 files found, 0 missing
