[2m2026-06-17T16:38:42.489670Z[0m [32m INFO[0m Starting scan of https://history.stellar.org/prd/core-live/core_live_001
[2m2026-06-17T16:38:42.489728Z[0m [32m INFO[0m Scanning from ledger 62406015 onwards
[2m2026-06-17T16:38:42.489740Z[0m [32m INFO[0m Scanning up to checkpoint 63046015
[2m2026-06-17T16:38:42.685473Z[0m [32m INFO[0m Processing 10001 checkpoints from 62406015 (0x03b83d7f) to 63046015 (0x03c2017f)
[2m2026-06-17T16:38:42.988505Z[0m [32m INFO[0m Progress: 100/10001 checkpoints processed
[2m2026-06-17T16:38:43.043182Z[0m [32m INFO[0m Progress: 200/10001 checkpoints processed
[2m2026-06-17T16:38:43.218809Z[0m [32m INFO[0m Progress: 300/10001 checkpoints processed
[2m2026-06-17T16:38:43.274015Z[0m [32m INFO[0m Progress: 400/10001 checkpoints processed
[2m2026-06-17T16:38:43.334570Z[0m [32m INFO[0m Progress: 500/10001 checkpoints processed
[2m2026-06-17T16:38:43.508206Z[0m [32m INFO[0m Progress: 600/10001 checkpoints processed
[2m2026-06-17T16:38:43.564334Z[0m [32m INFO[0m Progress: 700/10001 checkpoints processed
[2m2026-06-17T16:38:43.736936Z[0m [32m INFO[0m Progress: 800/10001 checkpoints processed
[2m2026-06-17T16:38:43.794504Z[0m [32m INFO[0m Progress: 900/10001 checkpoints processed
[2m2026-06-17T16:38:43.847420Z[0m [32m INFO[0m Progress: 1000/10001 checkpoints processed
[2m2026-06-17T16:38:44.017989Z[0m [32m INFO[0m Progress: 1100/10001 checkpoints processed
[2m2026-06-17T16:38:44.070480Z[0m [32m INFO[0m Progress: 1200/10001 checkpoints processed
[2m2026-06-17T16:38:44.238353Z[0m [32m INFO[0m Progress: 1300/10001 checkpoints processed
[2m2026-06-17T16:38:44.296538Z[0m [32m INFO[0m Progress: 1400/10001 checkpoints processed
[2m2026-06-17T16:38:44.347975Z[0m [32m INFO[0m Progress: 1500/10001 checkpoints processed
[2m2026-06-17T16:38:44.523691Z[0m [32m INFO[0m Progress: 1600/10001 checkpoints processed
[2m2026-06-17T16:38:44.578078Z[0m [32m INFO[0m Progress: 1700/10001 checkpoints processed
[2m2026-06-17T16:38:44.741885Z[0m [32m INFO[0m Progress: 1800/10001 checkpoints processed
[2m2026-06-17T16:38:44.804320Z[0m [32m INFO[0m Progress: 1900/10001 checkpoints processed
[2m2026-06-17T16:38:44.855857Z[0m [32m INFO[0m Progress: 2000/10001 checkpoints processed
[2m2026-06-17T16:38:45.030256Z[0m [32m INFO[0m Progress: 2100/10001 checkpoints processed
[2m2026-06-17T16:38:45.082808Z[0m [32m INFO[0m Progress: 2200/10001 checkpoints processed
[2m2026-06-17T16:38:45.156643Z[0m [32m INFO[0m Progress: 2300/10001 checkpoints processed
[2m2026-06-17T16:38:45.311125Z[0m [32m INFO[0m Progress: 2400/10001 checkpoints processed
[2m2026-06-17T16:38:45.364469Z[0m [32m INFO[0m Progress: 2500/10001 checkpoints processed
[2m2026-06-17T16:38:45.542666Z[0m [32m INFO[0m Progress: 2600/10001 checkpoints processed
[2m2026-06-17T16:38:45.598174Z[0m [32m INFO[0m Progress: 2700/10001 checkpoints processed
[2m2026-06-17T16:38:45.661223Z[0m [32m INFO[0m Progress: 2800/10001 checkpoints processed
[2m2026-06-17T16:38:45.826755Z[0m [32m INFO[0m Progress: 2900/10001 checkpoints processed
[2m2026-06-17T16:38:45.878689Z[0m [32m INFO[0m Progress: 3000/10001 checkpoints processed
[2m2026-06-17T16:38:46.039981Z[0m [32m INFO[0m Progress: 3100/10001 checkpoints processed
[2m2026-06-17T16:38:46.098276Z[0m [32m INFO[0m Progress: 3200/10001 checkpoints processed
[2m2026-06-17T16:38:46.155945Z[0m [32m INFO[0m Progress: 3300/10001 checkpoints processed
[2m2026-06-17T16:38:46.324975Z[0m [32m INFO[0m Progress: 3400/10001 checkpoints processed
[2m2026-06-17T16:38:46.381465Z[0m [32m INFO[0m Progress: 3500/10001 checkpoints processed
[2m2026-06-17T16:38:46.538877Z[0m [32m INFO[0m Progress: 3600/10001 checkpoints processed
[2m2026-06-17T16:38:46.600981Z[0m [32m INFO[0m Progress: 3700/10001 checkpoints processed
[2m2026-06-17T16:38:46.657394Z[0m [32m INFO[0m Progress: 3800/10001 checkpoints processed
[2m2026-06-17T16:38:46.822601Z[0m [32m INFO[0m Progress: 3900/10001 checkpoints processed
[2m2026-06-17T16:38:46.875402Z[0m [32m INFO[0m Progress: 4000/10001 checkpoints processed
[2m2026-06-17T16:38:47.030609Z[0m [32m INFO[0m Progress: 4100/10001 checkpoints processed
[2m2026-06-17T16:38:47.104285Z[0m [32m INFO[0m Progress: 4200/10001 checkpoints processed
[2m2026-06-17T16:38:47.156765Z[0m [32m INFO[0m Progress: 4300/10001 checkpoints processed
[2m2026-06-17T16:38:47.328889Z[0m [32m INFO[0m Progress: 4400/10001 checkpoints processed
[2m2026-06-17T16:38:47.384112Z[0m [32m INFO[0m Progress: 4500/10001 checkpoints processed
[2m2026-06-17T16:38:47.452563Z[0m [32m INFO[0m Progress: 4600/10001 checkpoints processed
[2m2026-06-17T16:38:47.604393Z[0m [32m INFO[0m Progress: 4700/10001 checkpoints processed
[2m2026-06-17T16:38:47.662807Z[0m [32m INFO[0m Progress: 4800/10001 checkpoints processed
[2m2026-06-17T16:38:47.822039Z[0m [32m INFO[0m Progress: 4900/10001 checkpoints processed
[2m2026-06-17T16:38:47.877942Z[0m [32m INFO[0m Progress: 5000/10001 checkpoints processed
[2m2026-06-17T16:38:47.941656Z[0m [32m INFO[0m Progress: 5100/10001 checkpoints processed
[2m2026-06-17T16:38:48.097153Z[0m [32m INFO[0m Progress: 5200/10001 checkpoints processed
[2m2026-06-17T16:38:48.151088Z[0m [32m INFO[0m Progress: 5300/10001 checkpoints processed
[2m2026-06-17T16:38:48.309873Z[0m [32m INFO[0m Progress: 5400/10001 checkpoints processed
[2m2026-06-17T16:38:48.372085Z[0m [32m INFO[0m Progress: 5500/10001 checkpoints processed
[2m2026-06-17T16:38:48.434258Z[0m [32m INFO[0m Progress: 5600/10001 checkpoints processed
[2m2026-06-17T16:38:48.593752Z[0m [32m INFO[0m Progress: 5700/10001 checkpoints processed
[2m2026-06-17T16:38:48.648290Z[0m [32m INFO[0m Progress: 5800/10001 checkpoints processed
[2m2026-06-17T16:38:48.798686Z[0m [32m INFO[0m Progress: 5900/10001 checkpoints processed
[2m2026-06-17T16:38:48.867750Z[0m [32m INFO[0m Progress: 6000/10001 checkpoints processed
[2m2026-06-17T16:38:48.924969Z[0m [32m INFO[0m Progress: 6100/10001 checkpoints processed
[2m2026-06-17T16:38:49.081932Z[0m [32m INFO[0m Progress: 6200/10001 checkpoints processed
[2m2026-06-17T16:38:49.140933Z[0m [32m INFO[0m Progress: 6300/10001 checkpoints processed
[2m2026-06-17T16:38:49.277017Z[0m [32m INFO[0m Progress: 6400/10001 checkpoints processed
[2m2026-06-17T16:38:49.367055Z[0m [32m INFO[0m Progress: 6500/10001 checkpoints processed
[2m2026-06-17T16:38:49.426009Z[0m [32m INFO[0m Progress: 6600/10001 checkpoints processed
[2m2026-06-17T16:38:49.589280Z[0m [32m INFO[0m Progress: 6700/10001 checkpoints processed
[2m2026-06-17T16:38:49.649772Z[0m [32m INFO[0m Progress: 6800/10001 checkpoints processed
[2m2026-06-17T16:38:49.724131Z[0m [32m INFO[0m Progress: 6900/10001 checkpoints processed
[2m2026-06-17T16:38:49.871771Z[0m [32m INFO[0m Progress: 7000/10001 checkpoints processed
[2m2026-06-17T16:38:49.931147Z[0m [32m INFO[0m Progress: 7100/10001 checkpoints processed
[2m2026-06-17T16:38:50.089837Z[0m [32m INFO[0m Progress: 7200/10001 checkpoints processed
[2m2026-06-17T16:38:50.154514Z[0m [32m INFO[0m Progress: 7300/10001 checkpoints processed
[2m2026-06-17T16:38:50.220415Z[0m [32m INFO[0m Progress: 7400/10001 checkpoints processed
[2m2026-06-17T16:38:50.373946Z[0m [32m INFO[0m Progress: 7500/10001 checkpoints processed
[2m2026-06-17T16:38:50.433299Z[0m [32m INFO[0m Progress: 7600/10001 checkpoints processed
[2m2026-06-17T16:38:50.588180Z[0m [32m INFO[0m Progress: 7700/10001 checkpoints processed
[2m2026-06-17T16:38:50.652291Z[0m [32m INFO[0m Progress: 7800/10001 checkpoints processed
[2m2026-06-17T16:38:50.713773Z[0m [32m INFO[0m Progress: 7900/10001 checkpoints processed
[2m2026-06-17T16:38:50.866666Z[0m [32m INFO[0m Progress: 8000/10001 checkpoints processed
[2m2026-06-17T16:38:50.923564Z[0m [32m INFO[0m Progress: 8100/10001 checkpoints processed
[2m2026-06-17T16:38:51.068381Z[0m [32m INFO[0m Progress: 8200/10001 checkpoints processed
[2m2026-06-17T16:38:51.141374Z[0m [32m INFO[0m Progress: 8300/10001 checkpoints processed
[2m2026-06-17T16:38:51.203262Z[0m [32m INFO[0m Progress: 8400/10001 checkpoints processed
[2m2026-06-17T16:38:51.359356Z[0m [32m INFO[0m Progress: 8500/10001 checkpoints processed
[2m2026-06-17T16:38:51.420885Z[0m [32m INFO[0m Progress: 8600/10001 checkpoints processed
[2m2026-06-17T16:38:51.532704Z[0m [32m INFO[0m Progress: 8700/10001 checkpoints processed
[2m2026-06-17T16:38:51.648524Z[0m [32m INFO[0m Progress: 8800/10001 checkpoints processed
[2m2026-06-17T16:38:51.711669Z[0m [32m INFO[0m Progress: 8900/10001 checkpoints processed
[2m2026-06-17T16:38:51.870087Z[0m [32m INFO[0m Progress: 9000/10001 checkpoints processed
[2m2026-06-17T16:38:51.939230Z[0m [32m INFO[0m Progress: 9100/10001 checkpoints processed
[2m2026-06-17T16:38:52.022777Z[0m [32m INFO[0m Progress: 9200/10001 checkpoints processed
[2m2026-06-17T16:38:52.166495Z[0m [32m INFO[0m Progress: 9300/10001 checkpoints processed
[2m2026-06-17T16:38:52.234246Z[0m [32m INFO[0m Progress: 9400/10001 checkpoints processed
[2m2026-06-17T16:38:52.391855Z[0m [32m INFO[0m Progress: 9500/10001 checkpoints processed
[2m2026-06-17T16:38:52.463652Z[0m [32m INFO[0m Progress: 9600/10001 checkpoints processed
[2m2026-06-17T16:38:52.538950Z[0m [32m INFO[0m Progress: 9700/10001 checkpoints processed
[2m2026-06-17T16:38:52.690570Z[0m [32m INFO[0m Progress: 9800/10001 checkpoints processed
[2m2026-06-17T16:38:52.754247Z[0m [32m INFO[0m Progress: 9900/10001 checkpoints processed
[2m2026-06-17T16:38:52.822816Z[0m [32m INFO[0m Progress: 10000/10001 checkpoints processed
[2m2026-06-17T16:38:52.839019Z[0m [32m INFO[0m Progress: 10001/10001 checkpoints processed
[2m2026-06-17T16:38:52.839051Z[0m [32m INFO[0m Scan complete: 130882 files found, 0 missing
