PERF wall_ms=56356 peak_rss_mb=1198.5 files=239 bytes=19666468629 mb_per_s=349.0
PERF_PHASE history_fetch,1139.8,0.4,17,0.1
PERF_PHASE history_parse,2.5,0.0,17,0.0
PERF_PHASE bucket_stream,246285.5,80.7,171,19228.7
PERF_PHASE xdr_decompress,53445.8,17.5,51,437.7
PERF_PHASE xdr_parse_ledger,3.9,0.0,17,0.0
PERF_PHASE xdr_parse_tx,3480.9,1.1,17,0.0
PERF_PHASE xdr_parse_result,854.2,0.3,17,0.0
PERF_PHASE xdr_parse_scp,0.0,0.0,0,0.0
PERF_PHASE cross_file_verify,0.4,0.0,17,0.0
PERF_PHASE chain_verify,0.0,0.0,1,0.0
PERF_PHASE copy,0.0,0.0,0,0.0
	Command being timed: "bin/sa-verify-async scan http://127.0.0.1:8088 -c 16 --max-concurrent 128 --verify --skip-optional --low 63045000 --high 63046015 --report perf-results/maxconc/verifysim/small/verify_c16/report.json"
	User time (seconds): 136.50
	System time (seconds): 2.86
	Percent of CPU this job got: 246%
	Elapsed (wall clock) time (h:mm:ss or m:ss): 0:56.46
	Average shared text size (kbytes): 0
	Average unshared data size (kbytes): 0
	Average stack size (kbytes): 0
	Average total size (kbytes): 0
	Maximum resident set size (kbytes): 1170380
	Average resident set size (kbytes): 0
	Major (requiring I/O) page faults: 0
	Minor (reclaiming a frame) page faults: 434572
	Voluntary context switches: 58922
	Involuntary context switches: 1276
	Swaps: 0
	File system inputs: 0
	File system outputs: 64
	Socket messages sent: 0
	Socket messages received: 0
	Signals delivered: 0
	Page size (bytes): 4096
	Exit status: 0
