[2m2026-06-17T16:28:40.861782Z[0m [32m INFO[0m Starting scan of https://history.stellar.org/prd/core-live/core_live_001
[2m2026-06-17T16:28:40.861825Z[0m [32m INFO[0m Scanning from ledger 62406015 onwards
[2m2026-06-17T16:28:40.861833Z[0m [32m INFO[0m Scanning up to checkpoint 63046015
[2m2026-06-17T16:28:41.101540Z[0m [32m INFO[0m Processing 10001 checkpoints from 62406015 (0x03b83d7f) to 63046015 (0x03c2017f)
[2m2026-06-17T16:28:53.981133Z[0m [32m INFO[0m Progress: 100/10001 checkpoints processed
[2m2026-06-17T16:28:55.051026Z[0m [32m INFO[0m Progress: 200/10001 checkpoints processed
[2m2026-06-17T16:29:07.072286Z[0m [32m INFO[0m Progress: 300/10001 checkpoints processed
[2m2026-06-17T16:29:08.169071Z[0m [32m INFO[0m Progress: 400/10001 checkpoints processed
[2m2026-06-17T16:29:09.230303Z[0m [32m INFO[0m Progress: 500/10001 checkpoints processed
[2m2026-06-17T16:29:21.658400Z[0m [32m INFO[0m Progress: 600/10001 checkpoints processed
[2m2026-06-17T16:29:22.746521Z[0m [32m INFO[0m Progress: 700/10001 checkpoints processed
[2m2026-06-17T16:29:34.616827Z[0m [32m INFO[0m Progress: 800/10001 checkpoints processed
[2m2026-06-17T16:29:35.664232Z[0m [32m INFO[0m Progress: 900/10001 checkpoints processed
[2m2026-06-17T16:29:36.622358Z[0m [32m INFO[0m Progress: 1000/10001 checkpoints processed
[2m2026-06-17T16:29:48.200767Z[0m [32m INFO[0m Progress: 1100/10001 checkpoints processed
[2m2026-06-17T16:29:49.306686Z[0m [32m INFO[0m Progress: 1200/10001 checkpoints processed
[2m2026-06-17T16:30:00.974623Z[0m [32m INFO[0m Progress: 1300/10001 checkpoints processed
[2m2026-06-17T16:30:02.181866Z[0m [32m INFO[0m Progress: 1400/10001 checkpoints processed
[2m2026-06-17T16:30:03.378982Z[0m [32m INFO[0m Progress: 1500/10001 checkpoints processed
[2m2026-06-17T16:30:15.645278Z[0m [32m INFO[0m Progress: 1600/10001 checkpoints processed
[2m2026-06-17T16:30:16.955514Z[0m [32m INFO[0m Progress: 1700/10001 checkpoints processed
[2m2026-06-17T16:30:29.345672Z[0m [32m INFO[0m Progress: 1800/10001 checkpoints processed
[2m2026-06-17T16:30:30.574025Z[0m [32m INFO[0m Progress: 1900/10001 checkpoints processed
[2m2026-06-17T16:30:31.751293Z[0m [32m INFO[0m Progress: 2000/10001 checkpoints processed
[2m2026-06-17T16:30:44.661186Z[0m [32m INFO[0m Progress: 2100/10001 checkpoints processed
[2m2026-06-17T16:30:45.801076Z[0m [32m INFO[0m Progress: 2200/10001 checkpoints processed
[2m2026-06-17T16:30:46.915068Z[0m [32m INFO[0m Progress: 2300/10001 checkpoints processed
[2m2026-06-17T16:30:59.211102Z[0m [32m INFO[0m Progress: 2400/10001 checkpoints processed
[2m2026-06-17T16:31:00.260305Z[0m [32m INFO[0m Progress: 2500/10001 checkpoints processed
[2m2026-06-17T16:31:12.342353Z[0m [32m INFO[0m Progress: 2600/10001 checkpoints processed
[2m2026-06-17T16:31:13.454761Z[0m [32m INFO[0m Progress: 2700/10001 checkpoints processed
[2m2026-06-17T16:31:14.791480Z[0m [32m INFO[0m Progress: 2800/10001 checkpoints processed
[2m2026-06-17T16:31:27.294564Z[0m [32m INFO[0m Progress: 2900/10001 checkpoints processed
[2m2026-06-17T16:31:28.430668Z[0m [32m INFO[0m Progress: 3000/10001 checkpoints processed
[2m2026-06-17T16:31:40.322923Z[0m [32m INFO[0m Progress: 3100/10001 checkpoints processed
[2m2026-06-17T16:31:41.394237Z[0m [32m INFO[0m Progress: 3200/10001 checkpoints processed
[2m2026-06-17T16:31:42.457805Z[0m [32m INFO[0m Progress: 3300/10001 checkpoints processed
[2m2026-06-17T16:31:54.505066Z[0m [32m INFO[0m Progress: 3400/10001 checkpoints processed
[2m2026-06-17T16:31:55.634606Z[0m [32m INFO[0m Progress: 3500/10001 checkpoints processed
[2m2026-06-17T16:32:07.750102Z[0m [32m INFO[0m Progress: 3600/10001 checkpoints processed
[2m2026-06-17T16:32:09.005229Z[0m [32m INFO[0m Progress: 3700/10001 checkpoints processed
[2m2026-06-17T16:32:10.046992Z[0m [32m INFO[0m Progress: 3800/10001 checkpoints processed
[2m2026-06-17T16:32:21.992728Z[0m [32m INFO[0m Progress: 3900/10001 checkpoints processed
[2m2026-06-17T16:32:23.081148Z[0m [32m INFO[0m Progress: 4000/10001 checkpoints processed
[2m2026-06-17T16:32:34.921349Z[0m [32m INFO[0m Progress: 4100/10001 checkpoints processed
[2m2026-06-17T16:32:36.058064Z[0m [32m INFO[0m Progress: 4200/10001 checkpoints processed
[2m2026-06-17T16:32:37.021855Z[0m [32m INFO[0m Progress: 4300/10001 checkpoints processed
[2m2026-06-17T16:32:49.144867Z[0m [32m INFO[0m Progress: 4400/10001 checkpoints processed
[2m2026-06-17T16:32:50.121336Z[0m [32m INFO[0m Progress: 4500/10001 checkpoints processed
[2m2026-06-17T16:32:51.037694Z[0m [32m INFO[0m Progress: 4600/10001 checkpoints processed
[2m2026-06-17T16:33:02.529570Z[0m [32m INFO[0m Progress: 4700/10001 checkpoints processed
[2m2026-06-17T16:33:03.626358Z[0m [32m INFO[0m Progress: 4800/10001 checkpoints processed
[2m2026-06-17T16:33:15.279342Z[0m [32m INFO[0m Progress: 4900/10001 checkpoints processed
[2m2026-06-17T16:33:16.445432Z[0m [32m INFO[0m Progress: 5000/10001 checkpoints processed
[2m2026-06-17T16:33:17.596396Z[0m [32m INFO[0m Progress: 5100/10001 checkpoints processed
[2m2026-06-17T16:33:30.263263Z[0m [32m INFO[0m Progress: 5200/10001 checkpoints processed
[2m2026-06-17T16:33:31.287338Z[0m [32m INFO[0m Progress: 5300/10001 checkpoints processed
[2m2026-06-17T16:33:43.374157Z[0m [32m INFO[0m Progress: 5400/10001 checkpoints processed
[2m2026-06-17T16:33:44.415903Z[0m [32m INFO[0m Progress: 5500/10001 checkpoints processed
[2m2026-06-17T16:33:45.481138Z[0m [32m INFO[0m Progress: 5600/10001 checkpoints processed
[2m2026-06-17T16:33:57.082572Z[0m [32m INFO[0m Progress: 5700/10001 checkpoints processed
[2m2026-06-17T16:33:58.067438Z[0m [32m INFO[0m Progress: 5800/10001 checkpoints processed
[2m2026-06-17T16:34:09.812199Z[0m [32m INFO[0m Progress: 5900/10001 checkpoints processed
[2m2026-06-17T16:34:10.979541Z[0m [32m INFO[0m Progress: 6000/10001 checkpoints processed
[2m2026-06-17T16:34:12.052188Z[0m [32m INFO[0m Progress: 6100/10001 checkpoints processed
[2m2026-06-17T16:34:24.028732Z[0m [32m INFO[0m Progress: 6200/10001 checkpoints processed
[2m2026-06-17T16:34:25.058771Z[0m [32m INFO[0m Progress: 6300/10001 checkpoints processed
[2m2026-06-17T16:34:27.710814Z[0m [32m INFO[0m Progress: 6400/10001 checkpoints processed
[2m2026-06-17T16:34:37.563326Z[0m [32m INFO[0m Progress: 6500/10001 checkpoints processed
[2m2026-06-17T16:34:38.615695Z[0m [32m INFO[0m Progress: 6600/10001 checkpoints processed
[2m2026-06-17T16:34:50.720149Z[0m [32m INFO[0m Progress: 6700/10001 checkpoints processed
[2m2026-06-17T16:34:51.746373Z[0m [32m INFO[0m Progress: 6800/10001 checkpoints processed
[2m2026-06-17T16:34:52.735489Z[0m [32m INFO[0m Progress: 6900/10001 checkpoints processed
[2m2026-06-17T16:35:04.572284Z[0m [32m INFO[0m Progress: 7000/10001 checkpoints processed
[2m2026-06-17T16:35:05.624470Z[0m [32m INFO[0m Progress: 7100/10001 checkpoints processed
[2m2026-06-17T16:35:17.801392Z[0m [32m INFO[0m Progress: 7200/10001 checkpoints processed
[2m2026-06-17T16:35:18.899368Z[0m [32m INFO[0m Progress: 7300/10001 checkpoints processed
[2m2026-06-17T16:35:19.977560Z[0m [32m INFO[0m Progress: 7400/10001 checkpoints processed
[2m2026-06-17T16:35:31.918444Z[0m [32m INFO[0m Progress: 7500/10001 checkpoints processed
[2m2026-06-17T16:35:33.000877Z[0m [32m INFO[0m Progress: 7600/10001 checkpoints processed
[2m2026-06-17T16:35:44.816231Z[0m [32m INFO[0m Progress: 7700/10001 checkpoints processed
[2m2026-06-17T16:35:45.856753Z[0m [32m INFO[0m Progress: 7800/10001 checkpoints processed
[2m2026-06-17T16:35:46.924623Z[0m [32m INFO[0m Progress: 7900/10001 checkpoints processed
[2m2026-06-17T16:35:52.057049Z[0m [32m INFO[0m Progress: 8000/10001 checkpoints processed
[2m2026-06-17T16:35:52.983288Z[0m [32m INFO[0m Progress: 8100/10001 checkpoints processed
[2m2026-06-17T16:35:55.498080Z[0m [32m INFO[0m Progress: 8200/10001 checkpoints processed
[2m2026-06-17T16:35:56.457386Z[0m [32m INFO[0m Progress: 8300/10001 checkpoints processed
[2m2026-06-17T16:35:57.558540Z[0m [32m INFO[0m Progress: 8400/10001 checkpoints processed
[2m2026-06-17T16:36:00.147066Z[0m [32m INFO[0m Progress: 8500/10001 checkpoints processed
[2m2026-06-17T16:36:01.178504Z[0m [32m INFO[0m Progress: 8600/10001 checkpoints processed
[2m2026-06-17T16:36:02.209502Z[0m [32m INFO[0m Progress: 8700/10001 checkpoints processed
[2m2026-06-17T16:36:05.090223Z[0m [32m INFO[0m Progress: 8800/10001 checkpoints processed
[2m2026-06-17T16:36:06.341585Z[0m [32m INFO[0m Progress: 8900/10001 checkpoints processed
[2m2026-06-17T16:36:09.385301Z[0m [32m INFO[0m Progress: 9000/10001 checkpoints processed
[2m2026-06-17T16:36:10.392858Z[0m [32m INFO[0m Progress: 9100/10001 checkpoints processed
[2m2026-06-17T16:36:11.464274Z[0m [32m INFO[0m Progress: 9200/10001 checkpoints processed
[2m2026-06-17T16:36:14.079221Z[0m [32m INFO[0m Progress: 9300/10001 checkpoints processed
[2m2026-06-17T16:36:15.137942Z[0m [32m INFO[0m Progress: 9400/10001 checkpoints processed
[2m2026-06-17T16:36:17.753560Z[0m [32m INFO[0m Progress: 9500/10001 checkpoints processed
[2m2026-06-17T16:36:18.772977Z[0m [32m INFO[0m Progress: 9600/10001 checkpoints processed
[2m2026-06-17T16:36:19.806156Z[0m [32m INFO[0m Progress: 9700/10001 checkpoints processed
[2m2026-06-17T16:36:22.527722Z[0m [32m INFO[0m Progress: 9800/10001 checkpoints processed
[2m2026-06-17T16:36:23.537710Z[0m [32m INFO[0m Progress: 9900/10001 checkpoints processed
[2m2026-06-17T16:36:24.711807Z[0m [32m INFO[0m Progress: 10000/10001 checkpoints processed
[2m2026-06-17T16:36:24.723135Z[0m [32m INFO[0m Progress: 10001/10001 checkpoints processed
[2m2026-06-17T16:36:24.723156Z[0m [32m INFO[0m Scan complete: 130882 files found, 0 missing
