[2m2026-06-17T00:14:58.568762Z[0m [32m INFO[0m Starting scan of file:///data/perf/fixture
[2m2026-06-17T00:14:58.568777Z[0m [32m INFO[0m Scanning from ledger 62918015 onwards
[2m2026-06-17T00:14:58.568783Z[0m [32m INFO[0m Scanning up to checkpoint 63046015
[2m2026-06-17T00:14:58.569483Z[0m [32m INFO[0m Processing 2001 checkpoints from 62918015 (0x03c00d7f) to 63046015 (0x03c2017f)
[2m2026-06-17T00:15:04.310193Z[0m [32m INFO[0m Progress: 100/2001 checkpoints processed
[2m2026-06-17T00:15:09.807595Z[0m [32m INFO[0m Progress: 200/2001 checkpoints processed
[2m2026-06-17T00:15:14.789816Z[0m [32m INFO[0m Progress: 300/2001 checkpoints processed
[2m2026-06-17T00:15:20.309626Z[0m [32m INFO[0m Progress: 400/2001 checkpoints processed
[2m2026-06-17T00:15:26.136335Z[0m [32m INFO[0m Progress: 500/2001 checkpoints processed
[2m2026-06-17T00:15:31.204362Z[0m [32m INFO[0m Progress: 600/2001 checkpoints processed
[2m2026-06-17T00:15:37.059907Z[0m [32m INFO[0m Progress: 700/2001 checkpoints processed
[2m2026-06-17T00:15:42.321264Z[0m [32m INFO[0m Progress: 800/2001 checkpoints processed
[2m2026-06-17T00:15:47.303513Z[0m [32m INFO[0m Progress: 900/2001 checkpoints processed
[2m2026-06-17T00:15:52.325879Z[0m [32m INFO[0m Progress: 1000/2001 checkpoints processed
[2m2026-06-17T00:15:57.696152Z[0m [32m INFO[0m Progress: 1100/2001 checkpoints processed
[2m2026-06-17T00:16:02.483965Z[0m [32m INFO[0m Progress: 1200/2001 checkpoints processed
[2m2026-06-17T00:16:07.386924Z[0m [32m INFO[0m Progress: 1300/2001 checkpoints processed
[2m2026-06-17T00:16:12.489780Z[0m [32m INFO[0m Progress: 1400/2001 checkpoints processed
[2m2026-06-17T00:16:17.352512Z[0m [32m INFO[0m Progress: 1500/2001 checkpoints processed
[2m2026-06-17T00:16:22.665782Z[0m [32m INFO[0m Progress: 1600/2001 checkpoints processed
[2m2026-06-17T00:16:27.534887Z[0m [32m INFO[0m Progress: 1700/2001 checkpoints processed
[2m2026-06-17T00:16:32.538812Z[0m [32m INFO[0m Progress: 1800/2001 checkpoints processed
[2m2026-06-17T00:16:37.658513Z[0m [32m INFO[0m Progress: 1900/2001 checkpoints processed
[2m2026-06-17T00:16:44.054294Z[0m [32m INFO[0m Progress: 2000/2001 checkpoints processed
[2m2026-06-17T00:16:45.803096Z[0m [32m INFO[0m Progress: 2001/2001 checkpoints processed
[2m2026-06-17T00:16:45.803378Z[0m [32m INFO[0m Scan complete: 26464 files found, 0 missing
