PERF wall_ms=894058 peak_rss_mb=1065.4 files=24463 bytes=182151700597 mb_per_s=203.7
PERF_PHASE history_fetch,2146.1,0.1,2001,12.0
PERF_PHASE history_parse,290.9,0.0,2001,0.0
PERF_PHASE bucket_stream,1992826.2,75.9,16459,135949.2
PERF_PHASE xdr_decompress,180828.6,6.9,6003,46190.6
PERF_PHASE xdr_parse_ledger,462.0,0.0,2001,0.0
PERF_PHASE xdr_parse_tx,358309.9,13.7,2001,0.0
PERF_PHASE xdr_parse_result,89936.0,3.4,2001,0.0
PERF_PHASE xdr_parse_scp,0.0,0.0,0,0.0
PERF_PHASE cross_file_verify,53.0,0.0,2001,0.0
PERF_PHASE chain_verify,0.1,0.0,1,0.0
PERF_PHASE copy,0.0,0.0,0,0.0
	Command being timed: "bin/sa-verify-async scan http://127.0.0.1:8088 -c 1 --max-concurrent 128 --verify --skip-optional --low 62918015 --high 63046015 --report perf-results/maxconc/verifysim/large/verify_c1/report.json"
	User time (seconds): 1510.73
	System time (seconds): 32.03
	Percent of CPU this job got: 172%
	Elapsed (wall clock) time (h:mm:ss or m:ss): 14:54.16
	Average shared text size (kbytes): 0
	Average unshared data size (kbytes): 0
	Average stack size (kbytes): 0
	Average total size (kbytes): 0
	Maximum resident set size (kbytes): 1040424
	Average resident set size (kbytes): 0
	Major (requiring I/O) page faults: 0
	Minor (reclaiming a frame) page faults: 3442621
	Voluntary context switches: 1855800
	Involuntary context switches: 9471
	Swaps: 0
	File system inputs: 32
	File system outputs: 424
	Socket messages sent: 0
	Socket messages received: 0
	Signals delivered: 0
	Page size (bytes): 4096
	Exit status: 0
