PERF wall_ms=9634 peak_rss_mb=112.1 files=10001 bytes=59895989 mb_per_s=6.2
PERF_PHASE history_fetch,1201857.6,99.9,10001,59.9
PERF_PHASE history_parse,1404.5,0.1,10001,0.0
PERF_PHASE bucket_stream,0.0,0.0,0,0.0
PERF_PHASE xdr_decompress,0.0,0.0,0,0.0
PERF_PHASE xdr_parse_ledger,0.0,0.0,0,0.0
PERF_PHASE xdr_parse_tx,0.0,0.0,0,0.0
PERF_PHASE xdr_parse_result,0.0,0.0,0,0.0
PERF_PHASE xdr_parse_scp,0.0,0.0,0,0.0
PERF_PHASE cross_file_verify,0.0,0.0,0,0.0
PERF_PHASE chain_verify,0.0,0.0,0,0.0
PERF_PHASE copy,0.0,0.0,0,0.0
	Command being timed: "bin/sa-perf scan https://history.stellar.org/prd/core-live/core_live_001 -c 256 --max-concurrent 256 --low 62406015 --high 63046015 --report perf-results/maxconc/exist_big/exist_mc256/report.json"
	User time (seconds): 12.14
	System time (seconds): 4.94
	Percent of CPU this job got: 176%
	Elapsed (wall clock) time (h:mm:ss or m:ss): 0:09.66
	Average shared text size (kbytes): 0
	Average unshared data size (kbytes): 0
	Average stack size (kbytes): 0
	Average total size (kbytes): 0
	Maximum resident set size (kbytes): 109424
	Average resident set size (kbytes): 0
	Major (requiring I/O) page faults: 0
	Minor (reclaiming a frame) page faults: 26244
	Voluntary context switches: 346029
	Involuntary context switches: 157
	Swaps: 0
	File system inputs: 0
	File system outputs: 64
	Socket messages sent: 0
	Socket messages received: 0
	Signals delivered: 0
	Page size (bytes): 4096
	Exit status: 0
