[2m2026-06-17T16:15:55.005856Z[0m [32m INFO[0m Starting scan of https://history.stellar.org/prd/core-live/core_live_001
[2m2026-06-17T16:15:55.005918Z[0m [32m INFO[0m Scanning from ledger 62918015 onwards
[2m2026-06-17T16:15:55.005931Z[0m [32m INFO[0m Scanning up to checkpoint 63046015
[2m2026-06-17T16:15:55.341463Z[0m [32m INFO[0m Processing 2001 checkpoints from 62918015 (0x03c00d7f) to 63046015 (0x03c2017f)
[2m2026-06-17T16:15:57.466990Z[0m [32m INFO[0m Progress: 100/2001 checkpoints processed
[2m2026-06-17T16:15:57.952990Z[0m [32m INFO[0m Progress: 200/2001 checkpoints processed
[2m2026-06-17T16:15:58.467378Z[0m [32m INFO[0m Progress: 300/2001 checkpoints processed
[2m2026-06-17T16:15:58.933326Z[0m [32m INFO[0m Progress: 400/2001 checkpoints processed
[2m2026-06-17T16:15:59.378483Z[0m [32m INFO[0m Progress: 500/2001 checkpoints processed
[2m2026-06-17T16:16:01.388343Z[0m [32m INFO[0m Progress: 600/2001 checkpoints processed
[2m2026-06-17T16:16:01.833385Z[0m [32m INFO[0m Progress: 700/2001 checkpoints processed
[2m2026-06-17T16:16:02.298253Z[0m [32m INFO[0m Progress: 800/2001 checkpoints processed
[2m2026-06-17T16:16:02.781088Z[0m [32m INFO[0m Progress: 900/2001 checkpoints processed
[2m2026-06-17T16:16:03.246137Z[0m [32m INFO[0m Progress: 1000/2001 checkpoints processed
[2m2026-06-17T16:16:05.406668Z[0m [32m INFO[0m Progress: 1100/2001 checkpoints processed
[2m2026-06-17T16:16:05.899398Z[0m [32m INFO[0m Progress: 1200/2001 checkpoints processed
[2m2026-06-17T16:16:06.385206Z[0m [32m INFO[0m Progress: 1300/2001 checkpoints processed
[2m2026-06-17T16:16:06.911649Z[0m [32m INFO[0m Progress: 1400/2001 checkpoints processed
[2m2026-06-17T16:16:07.462339Z[0m [32m INFO[0m Progress: 1500/2001 checkpoints processed
[2m2026-06-17T16:16:09.363807Z[0m [32m INFO[0m Progress: 1600/2001 checkpoints processed
[2m2026-06-17T16:16:09.804333Z[0m [32m INFO[0m Progress: 1700/2001 checkpoints processed
[2m2026-06-17T16:16:10.330305Z[0m [32m INFO[0m Progress: 1800/2001 checkpoints processed
[2m2026-06-17T16:16:10.817966Z[0m [32m INFO[0m Progress: 1900/2001 checkpoints processed
[2m2026-06-17T16:16:11.350417Z[0m [32m INFO[0m Progress: 2000/2001 checkpoints processed
[2m2026-06-17T16:16:11.364292Z[0m [32m INFO[0m Progress: 2001/2001 checkpoints processed
[2m2026-06-17T16:16:11.364349Z[0m [32m INFO[0m Scan complete: 26464 files found, 0 missing
