PERF wall_ms=8224 peak_rss_mb=108.9 files=2001 bytes=11983989 mb_per_s=1.5
PERF_PHASE history_fetch,1732594.0,100.0,2001,12.0
PERF_PHASE history_parse,276.2,0.0,2001,0.0
PERF_PHASE bucket_stream,0.0,0.0,0,0.0
PERF_PHASE xdr_decompress,0.0,0.0,0,0.0
PERF_PHASE xdr_parse_ledger,0.0,0.0,0,0.0
PERF_PHASE xdr_parse_tx,0.0,0.0,0,0.0
PERF_PHASE xdr_parse_result,0.0,0.0,0,0.0
PERF_PHASE xdr_parse_scp,0.0,0.0,0,0.0
PERF_PHASE cross_file_verify,0.0,0.0,0,0.0
PERF_PHASE chain_verify,0.0,0.0,0,0.0
PERF_PHASE copy,0.0,0.0,0,0.0
	Command being timed: "bin/sa-perf scan https://history.stellar.org/prd/core-live/core_live_001 -c 512 --max-concurrent 32 --low 62918015 --high 63046015 --report perf-results/maxconc/exist/exist_mc32/report.json"
	User time (seconds): 3.02
	System time (seconds): 1.28
	Percent of CPU this job got: 52%
	Elapsed (wall clock) time (h:mm:ss or m:ss): 0:08.24
	Average shared text size (kbytes): 0
	Average unshared data size (kbytes): 0
	Average stack size (kbytes): 0
	Average total size (kbytes): 0
	Maximum resident set size (kbytes): 106388
	Average resident set size (kbytes): 0
	Major (requiring I/O) page faults: 0
	Minor (reclaiming a frame) page faults: 25273
	Voluntary context switches: 105411
	Involuntary context switches: 13
	Swaps: 0
	File system inputs: 0
	File system outputs: 48
	Socket messages sent: 0
	Socket messages received: 0
	Signals delivered: 0
	Page size (bytes): 4096
	Exit status: 0
