[2m2026-06-17T16:16:11.522814Z[0m [32m INFO[0m Starting scan of https://history.stellar.org/prd/core-live/core_live_001
[2m2026-06-17T16:16:11.522875Z[0m [32m INFO[0m Scanning from ledger 62918015 onwards
[2m2026-06-17T16:16:11.522887Z[0m [32m INFO[0m Scanning up to checkpoint 63046015
[2m2026-06-17T16:16:11.722811Z[0m [32m INFO[0m Processing 2001 checkpoints from 62918015 (0x03c00d7f) to 63046015 (0x03c2017f)
[2m2026-06-17T16:16:12.850154Z[0m [32m INFO[0m Progress: 100/2001 checkpoints processed
[2m2026-06-17T16:16:13.077087Z[0m [32m INFO[0m Progress: 200/2001 checkpoints processed
[2m2026-06-17T16:16:13.310419Z[0m [32m INFO[0m Progress: 300/2001 checkpoints processed
[2m2026-06-17T16:16:13.543680Z[0m [32m INFO[0m Progress: 400/2001 checkpoints processed
[2m2026-06-17T16:16:13.781011Z[0m [32m INFO[0m Progress: 500/2001 checkpoints processed
[2m2026-06-17T16:16:14.800070Z[0m [32m INFO[0m Progress: 600/2001 checkpoints processed
[2m2026-06-17T16:16:15.034638Z[0m [32m INFO[0m Progress: 700/2001 checkpoints processed
[2m2026-06-17T16:16:15.277239Z[0m [32m INFO[0m Progress: 800/2001 checkpoints processed
[2m2026-06-17T16:16:15.531035Z[0m [32m INFO[0m Progress: 900/2001 checkpoints processed
[2m2026-06-17T16:16:15.761043Z[0m [32m INFO[0m Progress: 1000/2001 checkpoints processed
[2m2026-06-17T16:16:16.792390Z[0m [32m INFO[0m Progress: 1100/2001 checkpoints processed
[2m2026-06-17T16:16:17.032054Z[0m [32m INFO[0m Progress: 1200/2001 checkpoints processed
[2m2026-06-17T16:16:17.286753Z[0m [32m INFO[0m Progress: 1300/2001 checkpoints processed
[2m2026-06-17T16:16:17.557349Z[0m [32m INFO[0m Progress: 1400/2001 checkpoints processed
[2m2026-06-17T16:16:17.804317Z[0m [32m INFO[0m Progress: 1500/2001 checkpoints processed
[2m2026-06-17T16:16:18.740333Z[0m [32m INFO[0m Progress: 1600/2001 checkpoints processed
[2m2026-06-17T16:16:18.974896Z[0m [32m INFO[0m Progress: 1700/2001 checkpoints processed
[2m2026-06-17T16:16:19.231737Z[0m [32m INFO[0m Progress: 1800/2001 checkpoints processed
[2m2026-06-17T16:16:19.477139Z[0m [32m INFO[0m Progress: 1900/2001 checkpoints processed
[2m2026-06-17T16:16:19.731227Z[0m [32m INFO[0m Progress: 2000/2001 checkpoints processed
[2m2026-06-17T16:16:19.735957Z[0m [32m INFO[0m Progress: 2001/2001 checkpoints processed
[2m2026-06-17T16:16:19.736003Z[0m [32m INFO[0m Scan complete: 26464 files found, 0 missing
